Component: ARM Compiler 5.06 update 6 (build 750) Tool: armlink [4d35ed]

==============================================================================

Section Cross References

    at32f435_437_int.o(i.DMA1_Channel1_IRQHandler) refers to at32f435_437_dma.o(i.dma_interrupt_flag_get) for dma_interrupt_flag_get
    at32f435_437_int.o(i.DMA1_Channel1_IRQHandler) refers to gync.o(i.gync_x_handler) for gync_x_handler
    at32f435_437_int.o(i.DMA1_Channel1_IRQHandler) refers to at32f435_437_dma.o(i.dma_flag_clear) for dma_flag_clear
    at32f435_437_int.o(i.DMA1_Channel1_IRQHandler) refers to at32f435_437_wk_config.o(.bss) for gync_x_receive
    at32f435_437_int.o(i.DMA1_Channel2_IRQHandler) refers to at32f435_437_dma.o(i.dma_interrupt_flag_get) for dma_interrupt_flag_get
    at32f435_437_int.o(i.DMA1_Channel2_IRQHandler) refers to at32f435_437_dma.o(i.dma_channel_enable) for dma_channel_enable
    at32f435_437_int.o(i.DMA1_Channel2_IRQHandler) refers to at32f435_437_dma.o(i.dma_data_number_set) for dma_data_number_set
    at32f435_437_int.o(i.DMA1_Channel2_IRQHandler) refers to at32f435_437_dma.o(i.dma_flag_clear) for dma_flag_clear
    at32f435_437_int.o(i.DMA1_Channel3_IRQHandler) refers to at32f435_437_dma.o(i.dma_interrupt_flag_get) for dma_interrupt_flag_get
    at32f435_437_int.o(i.DMA1_Channel3_IRQHandler) refers to gync.o(i.gync_y_handler) for gync_y_handler
    at32f435_437_int.o(i.DMA1_Channel3_IRQHandler) refers to at32f435_437_dma.o(i.dma_flag_clear) for dma_flag_clear
    at32f435_437_int.o(i.DMA1_Channel3_IRQHandler) refers to at32f435_437_wk_config.o(.bss) for gync_y_receive
    at32f435_437_int.o(i.DMA1_Channel4_IRQHandler) refers to at32f435_437_dma.o(i.dma_interrupt_flag_get) for dma_interrupt_flag_get
    at32f435_437_int.o(i.DMA1_Channel4_IRQHandler) refers to at32f435_437_dma.o(i.dma_channel_enable) for dma_channel_enable
    at32f435_437_int.o(i.DMA1_Channel4_IRQHandler) refers to at32f435_437_dma.o(i.dma_data_number_set) for dma_data_number_set
    at32f435_437_int.o(i.DMA1_Channel4_IRQHandler) refers to at32f435_437_dma.o(i.dma_flag_clear) for dma_flag_clear
    at32f435_437_int.o(i.DMA1_Channel5_IRQHandler) refers to at32f435_437_dma.o(i.dma_interrupt_flag_get) for dma_interrupt_flag_get
    at32f435_437_int.o(i.DMA1_Channel5_IRQHandler) refers to gync.o(i.gync_z_handler) for gync_z_handler
    at32f435_437_int.o(i.DMA1_Channel5_IRQHandler) refers to at32f435_437_dma.o(i.dma_flag_clear) for dma_flag_clear
    at32f435_437_int.o(i.DMA1_Channel5_IRQHandler) refers to at32f435_437_wk_config.o(.bss) for gync_z_receive
    at32f435_437_int.o(i.DMA1_Channel6_IRQHandler) refers to at32f435_437_dma.o(i.dma_interrupt_flag_get) for dma_interrupt_flag_get
    at32f435_437_int.o(i.DMA1_Channel6_IRQHandler) refers to at32f435_437_dma.o(i.dma_channel_enable) for dma_channel_enable
    at32f435_437_int.o(i.DMA1_Channel6_IRQHandler) refers to at32f435_437_dma.o(i.dma_data_number_set) for dma_data_number_set
    at32f435_437_int.o(i.DMA1_Channel6_IRQHandler) refers to at32f435_437_dma.o(i.dma_flag_clear) for dma_flag_clear
    at32f435_437_int.o(i.DMA1_Channel7_IRQHandler) refers to at32f435_437_dma.o(i.dma_interrupt_flag_get) for dma_interrupt_flag_get
    at32f435_437_int.o(i.DMA1_Channel7_IRQHandler) refers to at32f435_437_dma.o(i.dma_channel_enable) for dma_channel_enable
    at32f435_437_int.o(i.DMA1_Channel7_IRQHandler) refers to at32f435_437_dma.o(i.dma_data_number_set) for dma_data_number_set
    at32f435_437_int.o(i.DMA1_Channel7_IRQHandler) refers to at32f435_437_dma.o(i.dma_flag_clear) for dma_flag_clear
    at32f435_437_int.o(i.DMA2_Channel1_IRQHandler) refers to at32f435_437_dma.o(i.dma_interrupt_flag_get) for dma_interrupt_flag_get
    at32f435_437_int.o(i.DMA2_Channel1_IRQHandler) refers to at32f435_437_spi.o(i.spi_enable) for spi_enable
    at32f435_437_int.o(i.DMA2_Channel1_IRQHandler) refers to at32f435_437_dma.o(i.dma_channel_enable) for dma_channel_enable
    at32f435_437_int.o(i.DMA2_Channel1_IRQHandler) refers to at32f435_437_dma.o(i.dma_data_number_set) for dma_data_number_set
    at32f435_437_int.o(i.DMA2_Channel1_IRQHandler) refers to at32f435_437_gpio.o(i.gpio_bits_set) for gpio_bits_set
    at32f435_437_int.o(i.DMA2_Channel1_IRQHandler) refers to adc.o(i.set_ADCData) for set_ADCData
    at32f435_437_int.o(i.DMA2_Channel1_IRQHandler) refers to at32f435_437_gpio.o(i.gpio_bits_reset) for gpio_bits_reset
    at32f435_437_int.o(i.DMA2_Channel1_IRQHandler) refers to at32f435_437_dma.o(i.dma_flag_clear) for dma_flag_clear
    at32f435_437_int.o(i.DMA2_Channel1_IRQHandler) refers to at32f435_437_int.o(.data) for adc_counter
    at32f435_437_int.o(i.DMA2_Channel1_IRQHandler) refers to at32f435_437_wk_config.o(.data) for adc_xyz
    at32f435_437_int.o(i.DMA2_Channel2_IRQHandler) refers to i2c_application.o(i.i2c_dma_tx_irq_handler) for i2c_dma_tx_irq_handler
    at32f435_437_int.o(i.DMA2_Channel2_IRQHandler) refers to wk_i2c.o(.bss) for hi2cx
[...]
    __rt_lib_shutdown_cpp_1                  0x0800028b   Thumb Code     0  libshutdown2.o(.ARM.Collect$$libshutdown$$00000002)
    __rt_lib_shutdown_fp_trap_1              0x0800028b   Thumb Code     0  libshutdown2.o(.ARM.Collect$$libshutdown$$00000007)
    __rt_lib_shutdown_heap_1                 0x0800028b   Thumb Code     0  libshutdown2.o(.ARM.Collect$$libshutdown$$0000000F)
    __rt_lib_shutdown_return                 0x0800028b   Thumb Code     0  libshutdown2.o(.ARM.Collect$$libshutdown$$00000010)
    __rt_lib_shutdown_signal_1               0x0800028b   Thumb Code     0  libshutdown2.o(.ARM.Collect$$libshutdown$$0000000A)
    __rt_lib_shutdown_stdio_1                0x0800028b   Thumb Code     0  libshutdown2.o(.ARM.Collect$$libshutdown$$00000004)
    __rt_lib_shutdown_user_alloc_1           0x0800028b   Thumb Code     0  libshutdown2.o(.ARM.Collect$$libshutdown$$0000000C)
    __rt_entry                               0x0800028d   Thumb Code     0  __rtentry.o(.ARM.Collect$$rtentry$$00000000)
    __rt_entry_presh_1                       0x0800028d   Thumb Code     0  __rtentry2.o(.ARM.Collect$$rtentry$$00000002)
    __rt_entry_sh                            0x0800028d   Thumb Code     0  __rtentry4.o(.ARM.Collect$$rtentry$$00000004)
    __rt_entry_li                            0x08000293   Thumb Code     0  __rtentry2.o(.ARM.Collect$$rtentry$$0000000A)
    __rt_entry_postsh_1                      0x08000293   Thumb Code     0  __rtentry2.o(.ARM.Collect$$rtentry$$00000009)
    __rt_entry_main                          0x08000297   Thumb Code     0  __rtentry2.o(.ARM.Collect$$rtentry$$0000000D)
    __rt_entry_postli_1                      0x08000297   Thumb Code     0  __rtentry2.o(.ARM.Collect$$rtentry$$0000000C)
    __rt_exit                                0x0800029f   Thumb Code     0  rtexit.o(.ARM.Collect$$rtexit$$00000000)
    __rt_exit_ls                             0x080002a1   Thumb Code     0  rtexit2.o(.ARM.Collect$$rtexit$$00000003)
    __rt_exit_prels_1                        0x080002a1   Thumb Code     0  rtexit2.o(.ARM.Collect$$rtexit$$00000002)
    __rt_exit_exit                           0x080002a5   Thumb Code     0  rtexit2.o(.ARM.Collect$$rtexit$$00000004)
    Reset_Handler                            0x080002ad   Thumb Code     8  startup_at32f435_437.o(.text)
    ACC_IRQHandler                           0x080002c7   Thumb Code     0  startup_at32f435_437.o(.text)
    ADC1_2_3_IRQHandler                      0x080002c7   Thumb Code     0  startup_at32f435_437.o(.text)
    CAN1_RX0_IRQHandler                      0x080002c7   Thumb Code     0  startup_at32f435_437.o(.text)
    CAN1_RX1_IRQHandler                      0x080002c7   Thumb Code     0  startup_at32f435_437.o(.text)
    CAN1_SE_IRQHandler                       0x080002c7   Thumb Code     0  startup_at32f435_437.o(.text)
    CAN1_TX_IRQHandler                       0x080002c7   Thumb Code     0  startup_at32f435_437.o(.text)
    CAN2_RX0_IRQHandler                      0x080002c7   Thumb Code     0  startup_at32f435_437.o(.text)
    CAN2_RX1_IRQHandler                      0x080002c7   Thumb Code     0  startup_at32f435_437.o(.text)
    CAN2_SE_IRQHandler                       0x080002c7   Thumb Code     0  startup_at32f435_437.o(.text)
    CAN2_TX_IRQHandler                       0x080002c7   Thumb Code     0  startup_at32f435_437.o(.text)
    CRM_IRQHandler                           0x080002c7   Thumb Code     0  startup_at32f435_437.o(.text)
    DMA2_Channel6_IRQHandler                 0x080002c7   Thumb Code     0  startup_at32f435_437.o(.text)
    DMAMUX_IRQHandler                        0x080002c7   Thumb Code     0  startup_at32f435_437.o(.text)
    DVP_IRQHandler                           0x080002c7   Thumb Code     0  startup_at32f435_437.o(.text)
    EDMA_Stream1_IRQHandler                  0x080002c7   Thumb Code     0  startup_at32f435_437.o(.text)
    EDMA_Stream2_IRQHandler                  0x080002c7   Thumb Code     0  startup_at32f435_437.o(.text)
    EDMA_Stream3_IRQHandler                  0x080002c7   Thumb Code     0  startup_at32f435_437.o(.text)
    EDMA_Stream4_IRQHandler                  0x080002c7   Thumb Code     0  startup_at32f435_437.o(.text)
    EDMA_Stream5_IRQHandler                  0x080002c7   Thumb Code     0  startup_at32f435_437.o(.text)
    EDMA_Stream6_IRQHandler                  0x080002c7   Thumb Code     0  startup_at32f435_437.o(.text)
    EDMA_Stream7_IRQHandler                  0x080002c7   Thumb Code     0  startup_at32f435_437.o(.text)
    EDMA_Stream8_IRQHandler                  0x080002c7   Thumb Code     0  startup_at32f435_437.o(.text)
    EMAC_IRQHandler                          0x080002c7   Thumb Code     0  startup_at32f435_437.o(.text)
    EMAC_WKUP_IRQHandler                     0x080002c7   Thumb Code     0  startup_at32f435_437.o(.text)
    ERTCAlarm_IRQHandler                     0x080002c7   Thumb Code     0  startup_at32f435_437.o(.text)
    ERTC_WKUP_IRQHandler                     0x080002c7   Thumb Code     0  startup_at32f435_437.o(.text)
    EXINT0_IRQHandler                        0x080002c7   Thumb Code     0  startup_at32f435_437.o(.text)
    EXINT1_IRQHandler                        0x080002c7   Thumb Code     0  startup_at32f435_437.o(.text)
    EXINT2_IRQHandler                        0x080002c7   Thumb Code     0  startup_at32f435_437.o(.text)
    EXINT3_IRQHandler                        0x080002c7   Thumb Code     0  startup_at32f435_437.o(.text)
    EXINT4_IRQHandler                        0x080002c7   Thumb Code     0  startup_at32f435_437.o(.text)
    EXINT9_5_IRQHandler                      0x080002c7   Thumb Code     0  startup_at32f435_437.o(.text)
    FLASH_IRQHandler                         0x080002c7   Thumb Code     0  startup_at32f435_437.o(.text)
    FPU_IRQHandler                           0x080002c7   Thumb Code     0  startup_at32f435_437.o(.text)
    I2C1_ERR_IRQHandler                      0x080002c7   Thumb Code     0  startup_at32f435_437.o(.text)
    I2C1_EVT_IRQHandler                      0x080002c7   Thumb Code     0  startup_at32f435_437.o(.text)
    I2C3_ERR_IRQHandler                      0x080002c7   Thumb Code     0  startup_at32f435_437.o(.text)
    I2C3_EVT_IRQHandler                      0x080002c7   Thumb Code     0  startup_at32f435_437.o(.text)
    OTGFS1_IRQHandler                        0x080002c7   Thumb Code     0  startup_at32f435_437.o(.text)
    OTGFS1_WKUP_IRQHandler                   0x080002c7   Thumb Code     0  startup_at32f435_437.o(.text)
    OTGFS2_IRQHandler                        0x080002c7   Thumb Code     0  startup_at32f435_437.o(.text)
    OTGFS2_WKUP_IRQHandler                   0x080002c7   Thumb Code     0  startup_at32f435_437.o(.text)
    PVM_IRQHandler                           0x080002c7   Thumb Code     0  startup_at32f435_437.o(.text)
    QSPI1_IRQHandler                         0x080002c7   Thumb Code     0  startup_at32f435_437.o(.text)
    QSPI2_IRQHandler                         0x080002c7   Thumb Code     0  startup_at32f435_437.o(.text)
    SDIO1_IRQHandler                         0x080002c7   Thumb Code     0  startup_at32f435_437.o(.text)
    SDIO2_IRQHandler                         0x080002c7   Thumb Code     0  startup_at32f435_437.o(.text)
    SPI1_IRQHandler                          0x080002c7   Thumb Code     0  startup_at32f435_437.o(.text)
    SPI2_I2S2EXT_IRQHandler                  0x080002c7   Thumb Code     0  startup_at32f435_437.o(.text)
    SPI3_I2S3EXT_IRQHandler                  0x080002c7   Thumb Code     0  startup_at32f435_437.o(.text)
    SPI4_IRQHandler                          0x080002c7   Thumb Code     0  startup_at32f435_437.o(.text)
    TAMP_STAMP_IRQHandler                    0x080002c7   Thumb Code     0  startup_at32f435_437.o(.text)
    TMR1_BRK_TMR9_IRQHandler                 0x080002c7   Thumb Code     0  startup_at32f435_437.o(.text)
    TMR1_CH_IRQHandler                       0x080002c7   Thumb Code     0  startup_at32f435_437.o(.text)
    TMR1_OVF_TMR10_IRQHandler                0x080002c7   Thumb Code     0  startup_at32f435_437.o(.text)
    TMR1_TRG_HALL_TMR11_IRQHandler           0x080002c7   Thumb Code     0  startup_at32f435_437.o(.text)
    TMR20_BRK_IRQHandler                     0x080002c7   Thumb Code     0  startup_at32f435_437.o(.text)
    TMR20_CH_IRQHandler                      0x080002c7   Thumb Code     0  startup_at32f435_437.o(.text)
    TMR20_OVF_IRQHandler                     0x080002c7   Thumb Code     0  startup_at32f435_437.o(.text)
    TMR20_TRG_HALL_IRQHandler                0x080002c7   Thumb Code     0  startup_at32f435_437.o(.text)
    TMR7_GLOBAL_IRQHandler                   0x080002c7   Thumb Code     0  startup_at32f435_437.o(.text)
    TMR8_BRK_TMR12_IRQHandler                0x080002c7   Thumb Code     0  startup_at32f435_437.o(.text)
    TMR8_CH_IRQHandler                       0x080002c7   Thumb Code     0  startup_at32f435_437.o(.text)
    TMR8_OVF_TMR13_IRQHandler                0x080002c7   Thumb Code     0  startup_at32f435_437.o(.text)
    TMR8_TRG_HALL_TMR14_IRQHandler           0x080002c7   Thumb Code     0  startup_at32f435_437.o(.text)
    UART4_IRQHandler                         0x080002c7   Thumb Code     0  startup_at32f435_437.o(.text)
    UART5_IRQHandler                         0x080002c7   Thumb Code     0  startup_at32f435_437.o(.text)
    UART7_IRQHandler                         0x080002c7   Thumb Code     0  startup_at32f435_437.o(.text)
    UART8_IRQHandler                         0x080002c7   Thumb Code     0  startup_at32f435_437.o(.text)
    USART1_IRQHandler                        0x080002c7   Thumb Code     0  startup_at32f435_437.o(.text)
    USART2_IRQHandler                        0x080002c7   Thumb Code     0  startup_at32f435_437.o(.text)
    USART3_IRQHandler                        0x080002c7   Thumb Code     0  startup_at32f435_437.o(.text)
    USART6_IRQHandler                        0x080002c7   Thumb Code     0  startup_at32f435_437.o(.text)
    WWDT_IRQHandler                          0x080002c7   Thumb Code     0  startup_at32f435_437.o(.text)
    XMC_IRQHandler                           0x080002c7   Thumb Code     0  startup_at32f435_437.o(.text)
    __user_initial_stackheap                 0x080002c9   Thumb Code     0  startup_at32f435_437.o(.text)
    __aeabi_uldivmod                         0x080002ed   Thumb Code     0  lludivv7m.o(.text)
    _ll_udiv                                 0x080002ed   Thumb Code   238  lludivv7m.o(.text)
    __aeabi_memcpy                           0x080003db   Thumb Code     0  rt_memcpy_v6.o(.text)
    __rt_memcpy                              0x080003db   Thumb Code   138  rt_memcpy_v6.o(.text)
    _memcpy_lastbytes                        0x08000441   Thumb Code     0  rt_memcpy_v6.o(.text)
    __aeabi_memcpy4                          0x08000465   Thumb Code     0  rt_memcpy_w.o(.text)
    __aeabi_memcpy8                          0x08000465   Thumb Code     0  rt_memcpy_w.o(.text)
    __rt_memcpy_w                            0x08000465   Thumb Code   100  rt_memcpy_w.o(.text)
    _memcpy_lastbytes_aligned                0x080004ad   Thumb Code     0  rt_memcpy_w.o(.text)
    __use_two_region_memory                  0x080004c9   Thumb Code     2  heapauxi.o(.text)
    __rt_heap_escrow$2region                 0x080004cb   Thumb Code     2  heapauxi.o(.text)
    __rt_heap_expand$2region                 0x080004cd   Thumb Code     2  heapauxi.o(.text)
    __user_setup_stackheap                   0x080004cf   Thumb Code    74  sys_stackheap_outer.o(.text)
    exit                                     0x08000519   Thumb Code    18  exit.o(.text)
    __user_libspace                          0x0800052d   Thumb Code     8  libspace.o(.text)
    __user_perproc_libspace                  0x0800052d   Thumb Code     0  libspace.o(.text)
    __user_perthread_libspace                0x0800052d   Thumb Code     0  libspace.o(.text)
    _sys_exit                                0x08000535   Thumb Code     8  sys_exit.o(.text)
    __I$use$semihosting                      0x08000541   Thumb Code     0  use_no_semi.o(.text)
    __use_no_semihosting_swi                 0x08000541   Thumb Code     2  use_no_semi.o(.text)
    BusFault_Handler                         0x08000543   Thumb Code     4  at32f435_437_int.o(i.BusFault_Handler)
    __semihosting_library_function           0x08000543   Thumb Code     0  indicate_semi.o(.text)
    Calibration                              0x08000549   Thumb Code   258  calibration.o(i.Calibration)
    DMA1_Channel1_IRQHandler                 0x08000675   Thumb Code    24  at32f435_437_int.o(i.DMA1_Channel1_IRQHandler)
    DMA1_Channel2_IRQHandler                 0x08000691   Thumb Code    34  at32f435_437_int.o(i.DMA1_Channel2_IRQHandler)
    DMA1_Channel3_IRQHandler                 0x080006b9   Thumb Code    28  at32f435_437_int.o(i.DMA1_Channel3_IRQHandler)
    DMA1_Channel4_IRQHandler                 0x080006d9   Thumb Code    38  at32f435_437_int.o(i.DMA1_Channel4_IRQHandler)
    DMA1_Channel5_IRQHandler                 0x08000705   Thumb Code    28  at32f435_437_int.o(i.DMA1_Channel5_IRQHandler)
    DMA1_Channel6_IRQHandler                 0x08000725   Thumb Code    38  at32f435_437_int.o(i.DMA1_Channel6_IRQHandler)
    DMA1_Channel7_IRQHandler                 0x08000751   Thumb Code    38  at32f435_437_int.o(i.DMA1_Channel7_IRQHandler)
    DMA2_Channel1_IRQHandler                 0x0800077d   Thumb Code   190  at32f435_437_int.o(i.DMA2_Channel1_IRQHandler)
    DMA2_Channel2_IRQHandler                 0x08000859   Thumb Code    10  at32f435_437_int.o(i.DMA2_Channel2_IRQHandler)
    DMA2_Channel3_IRQHandler                 0x08000869   Thumb Code    40  at32f435_437_int.o(i.DMA2_Channel3_IRQHandler)
    DMA2_Channel4_IRQHandler                 0x080008a1   Thumb Code   100  at32f435_437_int.o(i.DMA2_Channel4_IRQHandler)
    DMA2_Channel5_IRQHandler                 0x0800092d   Thumb Code    34  at32f435_437_int.o(i.DMA2_Channel5_IRQHandler)
    DMA2_Channel7_IRQHandler                 0x08000959   Thumb Code   108  at32f435_437_int.o(i.DMA2_Channel7_IRQHandler)
    DataFormatting                           0x080009e1   Thumb Code   178  adc.o(i.DataFormatting)
    DebugMon_Handler                         0x08000a9d   Thumb Code     2  at32f435_437_int.o(i.DebugMon_Handler)
    EXINT15_10_IRQHandler                    0x08000aa1   Thumb Code    64  at32f435_437_int.o(i.EXINT15_10_IRQHandler)
    FDILink_Error                            0x08000af5   Thumb Code     8  fdilink.o(i.FDILink_Error)
    FDILink_Reset                            0x08000afd   Thumb Code    14  fdilink.o(i.FDILink_Reset)
    HardFault_Handler                        0x08000b0b   Thumb Code     4  at32f435_437_int.o(i.HardFault_Handler)
    I2C2_ERR_IRQHandler                      0x08000b11   Thumb Code    10  at32f435_437_int.o(i.I2C2_ERR_IRQHandler)
    I2C2_EVT_IRQHandler                      0x08000b21   Thumb Code    10  at32f435_437_int.o(i.I2C2_EVT_IRQHandler)
    MemManage_Handler                        0x08000b31   Thumb Code     4  at32f435_437_int.o(i.MemManage_Handler)
    NMI_Handler                              0x08000b35   Thumb Code     2  at32f435_437_int.o(i.NMI_Handler)
    PendSV_Handler                           0x08000b77   Thumb Code     2  at32f435_437_int.o(i.PendSV_Handler)
    SVC_Handler                              0x08000b79   Thumb Code     2  at32f435_437_int.o(i.SVC_Handler)
    SysTick_Handler                          0x08000b7b   Thumb Code     2  at32f435_437_int.o(i.SysTick_Handler)
    SystemInit                               0x08000b7d   Thumb Code   128  system_at32f435_437.o(i.SystemInit)
    TMR2_GLOBAL_IRQHandler                   0x08000c0d   Thumb Code    50  at32f435_437_int.o(i.TMR2_GLOBAL_IRQHandler)
    TMR3_GLOBAL_IRQHandler                   0x08000c49   Thumb Code   168  at32f435_437_int.o(i.TMR3_GLOBAL_IRQHandler)
    TMR4_GLOBAL_IRQHandler                   0x08000d15   Thumb Code   204  at32f435_437_int.o(i.TMR4_GLOBAL_IRQHandler)
    TMR5_GLOBAL_IRQHandler                   0x08000e09   Thumb Code   134  at32f435_437_int.o(i.TMR5_GLOBAL_IRQHandler)
    TMR6_DAC_GLOBAL_IRQHandler               0x08000ea9   Thumb Code     2  at32f435_437_int.o(i.TMR6_DAC_GLOBAL_IRQHandler)
    UsageFault_Handler                       0x08000eab   Thumb Code     4  at32f435_437_int.o(i.UsageFault_Handler)
    __hardfp_fabs                            0x08000ee9   Thumb Code    20  fabs.o(i.__hardfp_fabs)
    adc_base_config                          0x08000efd   Thumb Code    44  at32f435_437_adc.o(i.adc_base_config)
    adc_base_default_para_init               0x08000f29   Thumb Code    14  at32f435_437_adc.o(i.adc_base_default_para_init)
    adc_calibration_init                     0x08000f37   Thumb Code    12  at32f435_437_adc.o(i.adc_calibration_init)
    adc_calibration_init_status_get          0x08000f43   Thumb Code    18  at32f435_437_adc.o(i.adc_calibration_init_status_get)
    adc_calibration_start                    0x08000f55   Thumb Code    12  at32f435_437_adc.o(i.adc_calibration_start)
    adc_calibration_status_get               0x08000f61   Thumb Code    18  at32f435_437_adc.o(i.adc_calibration_status_get)
    adc_common_config                        0x08000f75   Thumb Code   154  at32f435_437_adc.o(i.adc_common_config)
    adc_common_default_para_init             0x08001019   Thumb Code    18  at32f435_437_adc.o(i.adc_common_default_para_init)
    adc_dma_mode_enable                      0x0800102b   Thumb Code    10  at32f435_437_adc.o(i.adc_dma_mode_enable)
    adc_dma_request_repeat_enable            0x08001035   Thumb Code    10  at32f435_437_adc.o(i.adc_dma_request_repeat_enable)
    adc_enable                               0x0800103f   Thumb Code    10  at32f435_437_adc.o(i.adc_enable)
    adc_flag_get                             0x08001049   Thumb Code    16  at32f435_437_adc.o(i.adc_flag_get)
    adc_ordinary_channel_set                 0x08001059   Thumb Code   168  at32f435_437_adc.o(i.adc_ordinary_channel_set)
    adc_ordinary_conversion_trigger_set      0x08001101   Thumb Code    52  at32f435_437_adc.o(i.adc_ordinary_conversion_trigger_set)
    adc_ordinary_oversample_enable           0x08001135   Thumb Code    14  at32f435_437_adc.o(i.adc_ordinary_oversample_enable)
    adc_ordinary_oversample_restart_set      0x08001143   Thumb Code    14  at32f435_437_adc.o(i.adc_ordinary_oversample_restart_set)
    adc_ordinary_oversample_trig_enable      0x08001151   Thumb Code    14  at32f435_437_adc.o(i.adc_ordinary_oversample_trig_enable)
    adc_ordinary_software_trigger_enable     0x0800115f   Thumb Code    10  at32f435_437_adc.o(i.adc_ordinary_software_trigger_enable)
    adc_oversample_ratio_shift_set           0x08001169   Thumb Code    22  at32f435_437_adc.o(i.adc_oversample_ratio_shift_set)
    adc_reset                                0x08001181   Thumb Code    20  at32f435_437_adc.o(i.adc_reset)
    adc_resolution_set                       0x08001199   Thumb Code    10  at32f435_437_adc.o(i.adc_resolution_set)
    alarm                                    0x080011a5   Thumb Code    14  alarm.o(i.alarm)
    calculate_checksum                       0x080011b9   Thumb Code   112  fog.o(i.calculate_checksum)
    crm_ahb_div_set                          0x08001229   Thumb Code    14  at32f435_437_crm.o(i.crm_ahb_div_set)
    crm_apb1_div_set                         0x0800123d   Thumb Code    14  at32f435_437_crm.o(i.crm_apb1_div_set)
    crm_apb2_div_set                         0x08001251   Thumb Code    14  at32f435_437_crm.o(i.crm_apb2_div_set)
    crm_auto_step_mode_enable                0x08001265   Thumb Code    34  at32f435_437_crm.o(i.crm_auto_step_mode_enable)
    crm_clock_source_enable                  0x0800128d   Thumb Code    98  at32f435_437_crm.o(i.crm_clock_source_enable)
    crm_clocks_freq_get                      0x080012f5   Thumb Code   242  at32f435_437_crm.o(i.crm_clocks_freq_get)
    crm_flag_get                             0x08001409   Thumb Code    44  at32f435_437_crm.o(i.crm_flag_get)
    crm_hext_stable_wait                     0x08001439   Thumb Code    46  at32f435_437_crm.o(i.crm_hext_stable_wait)
    crm_periph_clock_enable                  0x08001469   Thumb Code    70  at32f435_437_crm.o(i.crm_periph_clock_enable)
    crm_periph_reset                         0x080014b5   Thumb Code    70  at32f435_437_crm.o(i.crm_periph_reset)
    crm_pll_config                           0x08001501   Thumb Code    68  at32f435_437_crm.o(i.crm_pll_config)
    crm_reset                                0x08001549   Thumb Code   106  at32f435_437_crm.o(i.crm_reset)
    crm_sysclk_switch                        0x080015c1   Thumb Code    54  at32f435_437_crm.o(i.crm_sysclk_switch)
    crm_sysclk_switch_status_get             0x080015fd   Thumb Code    10  at32f435_437_crm.o(i.crm_sysclk_switch_status_get)
    dac_dma_enable                           0x0800160d   Thumb Code    44  at32f435_437_dac.o(i.dac_dma_enable)
    dac_enable                               0x0800163d   Thumb Code    44  at32f435_437_dac.o(i.dac_enable)
    dac_output_buffer_enable                 0x0800166d   Thumb Code    54  at32f435_437_dac.o(i.dac_output_buffer_enable)
    dac_software_trigger_generate            0x080016a9   Thumb Code    48  at32f435_437_dac.o(i.dac_software_trigger_generate)
    dac_trigger_enable                       0x080016dd   Thumb Code    44  at32f435_437_dac.o(i.dac_trigger_enable)
    dac_trigger_select                       0x0800170d   Thumb Code    44  at32f435_437_dac.o(i.dac_trigger_select)
    dac_wave_generate                        0x0800173d   Thumb Code    44  at32f435_437_dac.o(i.dac_wave_generate)
    decode_acqboard_config_t                 0x0800176d   Thumb Code   238  acqboard_config.o(i.decode_acqboard_config_t)
    decode_tmp117                            0x08001869   Thumb Code    20  wk_i2c.o(i.decode_tmp117)
    dma_channel_enable                       0x08001881   Thumb Code    10  at32f435_437_dma.o(i.dma_channel_enable)
    dma_data_number_set                      0x0800188b   Thumb Code     4  at32f435_437_dma.o(i.dma_data_number_set)
    dma_default_para_init                    0x0800188f   Thumb Code    24  at32f435_437_dma.o(i.dma_default_para_init)
    dma_flag_clear                           0x080018a9   Thumb Code    22  at32f435_437_dma.o(i.dma_flag_clear)
    dma_flag_get                             0x080018c9   Thumb Code    34  at32f435_437_dma.o(i.dma_flag_get)
    dma_init                                 0x080018f5   Thumb Code    98  at32f435_437_dma.o(i.dma_init)
    dma_interrupt_enable                     0x08001957   Thumb Code    18  at32f435_437_dma.o(i.dma_interrupt_enable)
    dma_interrupt_flag_get                   0x08001969   Thumb Code    34  at32f435_437_dma.o(i.dma_interrupt_flag_get)
    dma_reset                                0x08001995   Thumb Code   102  at32f435_437_dma.o(i.dma_reset)
    dmamux_enable                            0x08001a05   Thumb Code    14  at32f435_437_dma.o(i.dmamux_enable)
    dmamux_init                              0x08001a13   Thumb Code    10  at32f435_437_dma.o(i.dmamux_init)
    encode_fog_transmit_t                    0x08001a1d   Thumb Code   104  fog.o(i.encode_fog_transmit_t)
    err_check                                0x08001a8d   Thumb Code   232  alarm.o(i.err_check)
    exint_default_para_init                  0x08001b91   Thumb Code    14  at32f435_437_exint.o(i.exint_default_para_init)
    exint_flag_clear                         0x08001ba1   Thumb Code     6  at32f435_437_exint.o(i.exint_flag_clear)
    exint_init                               0x08001bad   Thumb Code   148  at32f435_437_exint.o(i.exint_init)
    exint_interrupt_enable                   0x08001c45   Thumb Code    28  at32f435_437_exint.o(i.exint_interrupt_enable)
    exint_interrupt_flag_get                 0x08001c65   Thumb Code    32  at32f435_437_exint.o(i.exint_interrupt_flag_get)
    flash_bank1_operation_status_get         0x08001c89   Thumb Code    48  at32f435_437_flash.o(i.flash_bank1_operation_status_get)
    flash_bank1_operation_wait_for           0x08001cbd   Thumb Code    36  at32f435_437_flash.o(i.flash_bank1_operation_wait_for)
    flash_bank2_operation_status_get         0x08001ce1   Thumb Code    48  at32f435_437_flash.o(i.flash_bank2_operation_status_get)
    flash_bank2_operation_wait_for           0x08001d15   Thumb Code    36  at32f435_437_flash.o(i.flash_bank2_operation_wait_for)
    flash_flag_clear                         0x08001d39   Thumb Code    38  at32f435_437_flash.o(i.flash_flag_clear)
    flash_halfword_program                   0x08001d65   Thumb Code   124  at32f435_437_flash.o(i.flash_halfword_program)
    flash_lock                               0x08001de9   Thumb Code    34  at32f435_437_flash.o(i.flash_lock)
    flash_operation_status_get               0x08001e11   Thumb Code    48  at32f435_437_flash.o(i.flash_operation_status_get)
    flash_operation_wait_for                 0x08001e45   Thumb Code    36  at32f435_437_flash.o(i.flash_operation_wait_for)
    flash_read                               0x08001e69   Thumb Code    26  flash.o(i.flash_read)
    flash_sector_erase                       0x08001e85   Thumb Code   146  at32f435_437_flash.o(i.flash_sector_erase)
    flash_unlock                             0x08001f21   Thumb Code    24  at32f435_437_flash.o(i.flash_unlock)
    flash_write                              0x08001f45   Thumb Code   284  flash.o(i.flash_write)
    flash_write_nocheck                      0x08002065   Thumb Code    56  flash.o(i.flash_write_nocheck)
    gpio_bits_reset                          0x0800209d   Thumb Code     4  at32f435_437_gpio.o(i.gpio_bits_reset)
    gpio_bits_set                            0x080020a1   Thumb Code     4  at32f435_437_gpio.o(i.gpio_bits_set)
    gpio_default_para_init                   0x080020a5   Thumb Code    20  at32f435_437_gpio.o(i.gpio_default_para_init)
    gpio_init                                0x080020b9   Thumb Code   122  at32f435_437_gpio.o(i.gpio_init)
    gpio_output_data_bit_read                0x08002133   Thumb Code    18  at32f435_437_gpio.o(i.gpio_output_data_bit_read)
    gpio_pin_mux_config                      0x08002145   Thumb Code    66  at32f435_437_gpio.o(i.gpio_pin_mux_config)
    gync_x_handler                           0x08002189   Thumb Code   134  gync.o(i.gync_x_handler)
    gync_y_handler                           0x08002219   Thumb Code   134  gync.o(i.gync_y_handler)
    gync_z_handler                           0x080022a9   Thumb Code   134  gync.o(i.gync_z_handler)
    i2c_ack_enable                           0x08002339   Thumb Code    18  at32f435_437_i2c.o(i.i2c_ack_enable)
    i2c_clock_stretch_enable                 0x0800234b   Thumb Code    18  at32f435_437_i2c.o(i.i2c_clock_stretch_enable)
    i2c_config                               0x0800235d   Thumb Code    26  i2c_application.o(i.i2c_config)
    i2c_data_receive                         0x08002377   Thumb Code     8  at32f435_437_i2c.o(i.i2c_data_receive)
    i2c_data_send                            0x0800237f   Thumb Code     4  at32f435_437_i2c.o(i.i2c_data_send)
    i2c_dma_config                           0x08002383   Thumb Code    98  i2c_application.o(i.i2c_dma_config)
    i2c_dma_enable                           0x080023e5   Thumb Code    22  at32f435_437_i2c.o(i.i2c_dma_enable)
    i2c_dma_rx_irq_handler                   0x080023fb   Thumb Code    14  i2c_application.o(i.i2c_dma_rx_irq_handler)
    i2c_dma_tx_irq_handler                   0x08002409   Thumb Code    14  i2c_application.o(i.i2c_dma_tx_irq_handler)
    i2c_dma_tx_rx_irq_handler                0x08002419   Thumb Code   504  i2c_application.o(i.i2c_dma_tx_rx_irq_handler)
    i2c_enable                               0x08002629   Thumb Code    10  at32f435_437_i2c.o(i.i2c_enable)
    i2c_err_irq_handler                      0x08002633   Thumb Code   222  i2c_application.o(i.i2c_err_irq_handler)
    i2c_evt_irq_handler                      0x08002711   Thumb Code    68  i2c_application.o(i.i2c_evt_irq_handler)
    i2c_flag_clear                           0x08002755   Thumb Code     4  at32f435_437_i2c.o(i.i2c_flag_clear)
    i2c_flag_get                             0x08002759   Thumb Code    16  at32f435_437_i2c.o(i.i2c_flag_get)
    i2c_general_call_enable                  0x08002769   Thumb Code    10  at32f435_437_i2c.o(i.i2c_general_call_enable)
    i2c_init                                 0x08002773   Thumb Code    20  at32f435_437_i2c.o(i.i2c_init)
    i2c_interrupt_enable                     0x08002787   Thumb Code    18  at32f435_437_i2c.o(i.i2c_interrupt_enable)
    i2c_lowlevel_init                        0x08002799   Thumb Code   254  wk_i2c.o(i.i2c_lowlevel_init)
    i2c_master_irq_handler_dma               0x080028a9   Thumb Code   192  i2c_application.o(i.i2c_master_irq_handler_dma)
    i2c_master_irq_handler_int               0x08002969   Thumb Code   260  i2c_application.o(i.i2c_master_irq_handler_int)
    i2c_master_receive_dma                   0x08002a6d   Thumb Code   100  i2c_application.o(i.i2c_master_receive_dma)
    i2c_own_address1_set                     0x08002ad1   Thumb Code    30  at32f435_437_i2c.o(i.i2c_own_address1_set)
    i2c_receive_data                         0x08002af1   Thumb Code    22  wk_i2c.o(i.i2c_receive_data)
    i2c_refresh_txdt_register                0x08002b11   Thumb Code    46  i2c_application.o(i.i2c_refresh_txdt_register)
    i2c_reset                                0x08002b41   Thumb Code    84  at32f435_437_i2c.o(i.i2c_reset)
    i2c_reset_ctrl2_register                 0x08002ba5   Thumb Code    62  i2c_application.o(i.i2c_reset_ctrl2_register)
    i2c_slave_irq_handler_dma                0x08002be3   Thumb Code   134  i2c_application.o(i.i2c_slave_irq_handler_dma)
    i2c_slave_irq_handler_int                0x08002c69   Thumb Code   240  i2c_application.o(i.i2c_slave_irq_handler_int)
    i2c_start_transfer                       0x08002d59   Thumb Code    62  i2c_application.o(i.i2c_start_transfer)
    i2c_start_transfer_dma                   0x08002d97   Thumb Code    88  i2c_application.o(i.i2c_start_transfer_dma)
    i2c_stop_generate                        0x08002def   Thumb Code    14  at32f435_437_i2c.o(i.i2c_stop_generate)
    i2c_transfer_addr_get                    0x08002dfd   Thumb Code    10  at32f435_437_i2c.o(i.i2c_transfer_addr_get)
    i2c_transmit_set                         0x08002e09   Thumb Code    28  at32f435_437_i2c.o(i.i2c_transmit_set)
    i2c_wait_flag                            0x08002e29   Thumb Code   148  i2c_application.o(i.i2c_wait_flag)
    main                                     0x08002ebd   Thumb Code   328  main.o(i.main)
    nvic_irq_enable                          0x08003051   Thumb Code   190  at32f435_437_misc.o(i.nvic_irq_enable)
    nvic_priority_group_config               0x08003119   Thumb Code    32  at32f435_437_misc.o(i.nvic_priority_group_config)
    pid_calculate                            0x08003141   Thumb Code   794  acqboard_config.o(i.pid_calculate)
    scfg_exint_line_config                   0x080034a1   Thumb Code   176  at32f435_437_scfg.o(i.scfg_exint_line_config)
    set_ADCData                              0x08003555   Thumb Code   642  adc.o(i.set_ADCData)
    spi_default_para_init                    0x080037f5   Thumb Code    22  at32f435_437_spi.o(i.spi_default_para_init)
    spi_enable                               0x0800380b   Thumb Code    10  at32f435_437_spi.o(i.spi_enable)
    spi_i2s_dma_receiver_enable              0x08003815   Thumb Code    10  at32f435_437_spi.o(i.spi_i2s_dma_receiver_enable)
    spi_init                                 0x0800381f   Thumb Code   344  at32f435_437_spi.o(i.spi_init)
    system_core_clock_update                 0x08003979   Thumb Code   214  system_at32f435_437.o(i.system_core_clock_update)
    systick_clock_source_config              0x08003a6d   Thumb Code    40  at32f435_437_misc.o(i.systick_clock_source_config)
    tmr_base_init                            0x08003a95   Thumb Code    16  at32f435_437_tmr.o(i.tmr_base_init)
    tmr_brkdt_config                         0x08003aa5   Thumb Code    72  at32f435_437_tmr.o(i.tmr_brkdt_config)
    tmr_channel_value_set                    0x08003aed   Thumb Code    46  at32f435_437_tmr.o(i.tmr_channel_value_set)
    tmr_clock_source_div_set                 0x08003b1b   Thumb Code    10  at32f435_437_tmr.o(i.tmr_clock_source_div_set)
    tmr_cnt_dir_set                          0x08003b25   Thumb Code    10  at32f435_437_tmr.o(i.tmr_cnt_dir_set)
    tmr_counter_enable                       0x08003b2f   Thumb Code    10  at32f435_437_tmr.o(i.tmr_counter_enable)
    tmr_flag_clear                           0x08003b39   Thumb Code     6  at32f435_437_tmr.o(i.tmr_flag_clear)
    tmr_interrupt_enable                     0x08003b3f   Thumb Code    22  at32f435_437_tmr.o(i.tmr_interrupt_enable)
    tmr_interrupt_flag_get                   0x08003b55   Thumb Code    24  at32f435_437_tmr.o(i.tmr_interrupt_flag_get)
    tmr_output_channel_buffer_enable         0x08003b6d   Thumb Code    76  at32f435_437_tmr.o(i.tmr_output_channel_buffer_enable)
    tmr_output_channel_config                0x08003bb9   Thumb Code   434  at32f435_437_tmr.o(i.tmr_output_channel_config)
    tmr_output_channel_immediately_set       0x08003d6b   Thumb Code    76  at32f435_437_tmr.o(i.tmr_output_channel_immediately_set)
    tmr_output_enable                        0x08003db7   Thumb Code    10  at32f435_437_tmr.o(i.tmr_output_enable)
    tmr_overflow_event_disable               0x08003dc1   Thumb Code    10  at32f435_437_tmr.o(i.tmr_overflow_event_disable)
    tmr_overflow_request_source_set          0x08003dcb   Thumb Code    10  at32f435_437_tmr.o(i.tmr_overflow_request_source_set)
    tmr_period_buffer_enable                 0x08003dd5   Thumb Code    10  at32f435_437_tmr.o(i.tmr_period_buffer_enable)
    tmr_primary_mode_select                  0x08003ddf   Thumb Code    10  at32f435_437_tmr.o(i.tmr_primary_mode_select)
    tmr_repetition_counter_set               0x08003de9   Thumb Code    10  at32f435_437_tmr.o(i.tmr_repetition_counter_set)
    tmr_sub_sync_mode_set                    0x08003df3   Thumb Code    10  at32f435_437_tmr.o(i.tmr_sub_sync_mode_set)
    usart_dma_receiver_enable                0x08003dfd   Thumb Code    10  at32f435_437_usart.o(i.usart_dma_receiver_enable)
    usart_dma_transmitter_enable             0x08003e07   Thumb Code    10  at32f435_437_usart.o(i.usart_dma_transmitter_enable)
    usart_enable                             0x08003e11   Thumb Code    10  at32f435_437_usart.o(i.usart_enable)
    usart_hardware_flow_control_set          0x08003e1b   Thumb Code   102  at32f435_437_usart.o(i.usart_hardware_flow_control_set)
    usart_init                               0x08003e81   Thumb Code   162  at32f435_437_usart.o(i.usart_init)
    usart_parity_selection_config            0x08003f2d   Thumb Code    76  at32f435_437_usart.o(i.usart_parity_selection_config)
    usart_receiver_enable                    0x08003f79   Thumb Code    10  at32f435_437_usart.o(i.usart_receiver_enable)
    usart_transmitter_enable                 0x08003f83   Thumb Code    10  at32f435_437_usart.o(i.usart_transmitter_enable)
    wk_adc1_init                             0x08003f8d   Thumb Code   200  wk_adc.o(i.wk_adc1_init)
    wk_adc_common_init                       0x0800405d   Thumb Code    54  wk_adc.o(i.wk_adc_common_init)
    wk_dac_init                              0x08004095   Thumb Code    82  wk_dac.o(i.wk_dac_init)
    wk_dma1_channel1_init                    0x080040ed   Thumb Code    94  wk_dma.o(i.wk_dma1_channel1_init)
    wk_dma1_channel2_init                    0x08004151   Thumb Code    98  wk_dma.o(i.wk_dma1_channel2_init)
    wk_dma1_channel3_init                    0x080041b9   Thumb Code    94  wk_dma.o(i.wk_dma1_channel3_init)
    wk_dma1_channel4_init                    0x0800421d   Thumb Code    98  wk_dma.o(i.wk_dma1_channel4_init)
    wk_dma1_channel5_init                    0x08004285   Thumb Code    94  wk_dma.o(i.wk_dma1_channel5_init)
    wk_dma1_channel6_init                    0x080042e9   Thumb Code    98  wk_dma.o(i.wk_dma1_channel6_init)
    wk_dma1_channel7_init                    0x08004351   Thumb Code    98  wk_dma.o(i.wk_dma1_channel7_init)
    wk_dma2_channel1_init                    0x080043b9   Thumb Code    96  wk_dma.o(i.wk_dma2_channel1_init)
    wk_dma2_channel4_init                    0x0800441d   Thumb Code    94  wk_dma.o(i.wk_dma2_channel4_init)
    wk_dma2_channel5_init                    0x08004481   Thumb Code    96  wk_dma.o(i.wk_dma2_channel5_init)
    wk_dma2_channel7_init                    0x080044e5   Thumb Code    94  wk_dma.o(i.wk_dma2_channel7_init)
    wk_dma_channel_config                    0x08004549   Thumb Code     8  wk_dma.o(i.wk_dma_channel_config)
    wk_exint_config                          0x08004551   Thumb Code    92  wk_exint.o(i.wk_exint_config)
    wk_gpio_config                           0x080045b1   Thumb Code   150  wk_gpio.o(i.wk_gpio_config)
    wk_i2c2_init                             0x08004655   Thumb Code    16  wk_i2c.o(i.wk_i2c2_init)
    wk_nvic_config                           0x0800466d   Thumb Code   402  at32f435_437_wk_config.o(i.wk_nvic_config)
    wk_periph_clock_config                   0x08004801   Thumb Code   206  at32f435_437_wk_config.o(i.wk_periph_clock_config)
    wk_spi2_init                             0x080048dd   Thumb Code   164  wk_spi.o(i.wk_spi2_init)
    wk_system_clock_config                   0x08004989   Thumb Code   184  at32f435_437_wk_config.o(i.wk_system_clock_config)
    wk_timebase_init                         0x08004a51   Thumb Code    56  wk_system.o(i.wk_timebase_init)
    wk_tmr1_init                             0x08004a91   Thumb Code   254  wk_tmr.o(i.wk_tmr1_init)
    wk_tmr2_init                             0x08004b99   Thumb Code    94  wk_tmr.o(i.wk_tmr2_init)
    wk_tmr3_init                             0x08004bf9   Thumb Code    80  wk_tmr.o(i.wk_tmr3_init)
    wk_uart4_init                            0x08004c4d   Thumb Code   170  wk_usart.o(i.wk_uart4_init)
    wk_usart1_init                           0x08004d01   Thumb Code   172  wk_usart.o(i.wk_usart1_init)
    wk_usart2_init                           0x08004db5   Thumb Code   172  wk_usart.o(i.wk_usart2_init)
    wk_usart3_init                           0x08004e69   Thumb Code   172  wk_usart.o(i.wk_usart3_init)
    __aeabi_dneg                             0x08004f1d   Thumb Code     0  basic.o(x$fpl$basic)
    _dneg                                    0x08004f1d   Thumb Code     6  basic.o(x$fpl$basic)
    __aeabi_fneg                             0x08004f23   Thumb Code     0  basic.o(x$fpl$basic)
    _fneg                                    0x08004f23   Thumb Code     6  basic.o(x$fpl$basic)
    _dabs                                    0x08004f29   Thumb Code     6  basic.o(x$fpl$basic)
    _fabs                                    0x08004f2f   Thumb Code     6  basic.o(x$fpl$basic)
    __aeabi_d2f                              0x08004f35   Thumb Code     0  d2f.o(x$fpl$d2f)
    _d2f                                     0x08004f35   Thumb Code    98  d2f.o(x$fpl$d2f)
    __aeabi_dadd                             0x08004f99   Thumb Code     0  daddsub_clz.o(x$fpl$dadd)
    _dadd                                    0x08004f99   Thumb Code   332  daddsub_clz.o(x$fpl$dadd)
    __fpl_dcmp_Inf                           0x080050e9   Thumb Code    24  dcmpi.o(x$fpl$dcmpinf)
    __aeabi_ddiv                             0x08005101   Thumb Code     0  ddiv.o(x$fpl$ddiv)
    _ddiv                                    0x08005101   Thumb Code   552  ddiv.o(x$fpl$ddiv)
    __aeabi_ui2d                             0x080053b1   Thumb Code     0  dflt_clz.o(x$fpl$dfltu)
    _dfltu                                   0x080053b1   Thumb Code    38  dflt_clz.o(x$fpl$dfltu)
    __aeabi_cdcmple                          0x080053d9   Thumb Code     0  dleqf.o(x$fpl$dleqf)
    _dcmple                                  0x080053d9   Thumb Code   120  dleqf.o(x$fpl$dleqf)
    __fpl_dcmple_InfNaN                      0x0800543b   Thumb Code     0  dleqf.o(x$fpl$dleqf)
    __aeabi_dmul                             0x08005451   Thumb Code     0  dmul.o(x$fpl$dmul)
    _dmul                                    0x08005451   Thumb Code   332  dmul.o(x$fpl$dmul)
    __fpl_dnaninf                            0x080055a5   Thumb Code   156  dnaninf.o(x$fpl$dnaninf)
    __fpl_dretinf                            0x08005641   Thumb Code    12  dretinf.o(x$fpl$dretinf)
    __aeabi_cdrcmple                         0x0800564d   Thumb Code     0  drleqf.o(x$fpl$drleqf)
    _drcmple                                 0x0800564d   Thumb Code   108  drleqf.o(x$fpl$drleqf)
    __aeabi_dsub                             0x080056b9   Thumb Code     0  daddsub_clz.o(x$fpl$dsub)
    _dsub                                    0x080056b9   Thumb Code   464  daddsub_clz.o(x$fpl$dsub)
    __aeabi_f2d                              0x0800588d   Thumb Code     0  f2d.o(x$fpl$f2d)
    _f2d                                     0x0800588d   Thumb Code    86  f2d.o(x$fpl$f2d)
    __fpl_fnaninf                            0x080058e3   Thumb Code   140  fnaninf.o(x$fpl$fnaninf)
    _fp_init                                 0x0800596f   Thumb Code    10  fpinit.o(x$fpl$fpinit)
    __fplib_config_fpu_vfp                   0x08005977   Thumb Code     0  fpinit.o(x$fpl$fpinit)
    __fplib_config_pureend_doubles           0x08005977   Thumb Code     0  fpinit.o(x$fpl$fpinit)
    __fpl_fretinf                            0x08005979   Thumb Code    10  fretinf.o(x$fpl$fretinf)
    __I$use$fp                               0x08005982   Number         0  usenofp.o(x$fpl$usenofp)
    Region$$Table$$Base                      0x080059c0   Number         0  anon$$obj.o(Region$$Table)
    Region$$Table$$Limit                     0x080059e0   Number         0  anon$$obj.o(Region$$Table)
    m                                        0x20000000   Data           4  at32f435_437_int.o(.data)
    adc_counter                              0x20000004   Data           4  at32f435_437_int.o(.data)
    command                                  0x20000008   Data           1  at32f435_437_wk_config.o(.data)
    adc_xyz                                  0x20000009   Data           4  at32f435_437_wk_config.o(.data)
    adc_value                                0x2000000e   Data           2  at32f435_437_wk_config.o(.data)
    dac_value                                0x20000010   Data           2  at32f435_437_wk_config.o(.data)
    ticks_count_us                           0x20000014   Data           4  wk_system.o(.data)
    wk_adc_counter                           0x20000018   Data           4  wk_adc.o(.data)
    adc_temperature                          0x2000001c   Data           4  wk_adc.o(.data)
    adc_temperature_temp                     0x20000020   Data           4  wk_adc.o(.data)
    i2c_rx_buf                               0x20000024   Data           2  wk_i2c.o(.data)
    i2c_temperature_temp                     0x20000026   Data           2  wk_i2c.o(.data)
    i2c_temperature                          0x20000028   Data           4  wk_i2c.o(.data)
    system_core_clock                        0x2000002c   Data           4  system_at32f435_437.o(.data)
    first_enter_flag                         0x20000030   Data           1  calibration.o(.data)
    calibration_counter                      0x20000034   Data           4  calibration.o(.data)
    stable_temp_counter                      0x20000038   Data           4  calibration.o(.data)
    adc_x_sum                                0x2000003c   Data           4  calibration.o(.data)
    adc_y_sum                                0x20000040   Data           4  calibration.o(.data)
    adc_z_sum                                0x20000044   Data           4  calibration.o(.data)
    error_counter                            0x20000048   Data           4  alarm.o(.data)
    error_test                               0x2000004c   Data           4  alarm.o(.data)
    recent_Dg_X                              0x20000050   Data           4  alarm.o(.data)
    recent_Dg_Y                              0x20000054   Data           4  alarm.o(.data)
    recent_Dg_Z                              0x20000058   Data           4  alarm.o(.data)
    recent_Acc_X                             0x2000005c   Data           4  alarm.o(.data)
    recent_Acc_Y                             0x20000060   Data           4  alarm.o(.data)
    recent_Acc_Z                             0x20000064   Data           4  alarm.o(.data)
    AcqBoard_Config_Error_Counter            0x20000068   Data           4  acqboard_config.o(.data)
    e                                        0x2000006c   Data           4  acqboard_config.o(.data)
    e_last                                   0x20000070   Data           4  acqboard_config.o(.data)
    e_sum                                    0x20000074   Data           4  acqboard_config.o(.data)
    delta_u                                  0x20000078   Data           4  acqboard_config.o(.data)
    output_u                                 0x2000007c   Data           4  acqboard_config.o(.data)
    Kp_Max                                   0x20000080   Data           4  acqboard_config.o(.data)
    Ki_Max                                   0x20000084   Data           4  acqboard_config.o(.data)
    Kd_Max                                   0x20000088   Data           4  acqboard_config.o(.data)
    Kp_iTerm                                 0x2000008c   Data           4  acqboard_config.o(.data)
    Ki_iTerm                                 0x20000090   Data           4  acqboard_config.o(.data)
    Kd_iTerm                                 0x20000094   Data           4  acqboard_config.o(.data)
    fParam                                   0x20000098   Data           4  acqboard_config.o(.data)
    gync_x_receive                           0x2000009c   Data          10  at32f435_437_wk_config.o(.bss)
    gync_y_receive                           0x200000a6   Data          10  at32f435_437_wk_config.o(.bss)
    gync_z_receive                           0x200000b0   Data          10  at32f435_437_wk_config.o(.bss)
    Fog_Transmit                             0x200000ba   Data          41  at32f435_437_wk_config.o(.bss)
    pid_transmit_receive                     0x200000e3   Data          21  at32f435_437_wk_config.o(.bss)
    hi2cx                                    0x200000f8   Data          52  wk_i2c.o(.bss)
    flash_buf                                0x2000012c   Data        2048  flash.o(.bss)
    IXZ_F50X_X                               0x2000092c   Data          16  gync.o(.bss)
    IXZ_F50X_Y                               0x2000093c   Data          16  gync.o(.bss)
    IXZ_F50X_Z                               0x2000094c   Data          16  gync.o(.bss)
    ADCData                                  0x2000095c   Data          24  adc.o(.bss)
    adc_calibration                          0x20000974   Data          24  calibration.o(.bss)
    buffer_write                             0x2000098c   Data          26  calibration.o(.bss)
    buffer_read                              0x200009a6   Data          26  calibration.o(.bss)
    AcqBoard_Config                          0x200009c0   Data          19  acqboard_config.o(.bss)
    FDILink                                  0x200009d3   Data          68  acqboard_config.o(.bss)
    __libspace_start                         0x20000a18   Data          96  libspace.o(.bss)
    __temporary_stack_top$libspace           0x20000a78   Data           0  libspace.o(.bss)



==============================================================================

Memory Map of the image

  Image Entry point : 0x0800020d

  Load Region LR_IROM1 (Base: 0x08000000, Size: 0x00005a7c, Max: 0x00100000, ABSOLUTE)

    Execution Region ER_IROM1 (Exec base: 0x08000000, Load base: 0x08000000, Size: 0x000059e0, Max: 0x00100000, ABSOLUTE)

    Exec Addr    Load Addr    Size         Type   Attr      Idx    E Section Name        Object

    0x08000000   0x08000000   0x0000020c   Data   RO         3404    RESET               startup_at32f435_437.o
    0x0800020c   0x0800020c   0x00000008   Code   RO         4013  * !!!main             c_w.l(__main.o)
    0x08000214   0x08000214   0x00000034   Code   RO         4225    !!!scatter          c_w.l(__scatter.o)
    0x08000248   0x08000248   0x0000001a   Code   RO         4227    !!handler_copy      c_w.l(__scatter_copy.o)
    0x08000262   0x08000262   0x00000002   PAD
    0x08000264   0x08000264   0x0000001c   Code   RO         4229    !!handler_zi        c_w.l(__scatter_zi.o)
    0x08000280   0x08000280   0x00000002   Code   RO         4095    .ARM.Collect$$libinit$$00000000  c_w.l(libinit.o)
    0x08000282   0x08000282   0x00000004   Code   RO         4107    .ARM.Collect$$libinit$$00000001  c_w.l(libinit2.o)
    0x08000286   0x08000286   0x00000000   Code   RO         4110    .ARM.Collect$$libinit$$00000004  c_w.l(libinit2.o)
    0x08000286   0x08000286   0x00000000   Code   RO         4113    .ARM.Collect$$libinit$$0000000A  c_w.l(libinit2.o)
    0x08000286   0x08000286   0x00000000   Code   RO         4115    .ARM.Collect$$libinit$$0000000C  c_w.l(libinit2.o)
    0x08000286   0x08000286   0x00000000   Code   RO         4117    .ARM.Collect$$libinit$$0000000E  c_w.l(libinit2.o)
    0x08000286   0x08000286   0x00000000   Code   RO         4120    .ARM.Collect$$libinit$$00000011  c_w.l(libinit2.o)
    0x08000286   0x08000286   0x00000000   Code   RO         4122    .ARM.Collect$$libinit$$00000013  c_w.l(libinit2.o)
    0x08000286   0x08000286   0x00000000   Code   RO         4124    .ARM.Collect$$libinit$$00000015  c_w.l(libinit2.o)
    0x08000286   0x08000286   0x00000000   Code   RO         4126    .ARM.Collect$$libinit$$00000017  c_w.l(libinit2.o)
    0x08000286   0x08000286   0x00000000   Code   RO         4128    .ARM.Collect$$libinit$$00000019  c_w.l(libinit2.o)
    0x08000286   0x08000286   0x00000000   Code   RO         4130    .ARM.Collect$$libinit$$0000001B  c_w.l(libinit2.o)
    0x08000286   0x08000286   0x00000000   Code   RO         4132    .ARM.Collect$$libinit$$0000001D  c_w.l(libinit2.o)
    0x08000286   0x08000286   0x00000000   Code   RO         4134    .ARM.Collect$$libinit$$0000001F  c_w.l(libinit2.o)
    0x08000286   0x08000286   0x00000000   Code   RO         4136    .ARM.Collect$$libinit$$00000021  c_w.l(libinit2.o)
    0x08000286   0x08000286   0x00000000   Code   RO         4138    .ARM.Collect$$libinit$$00000023  c_w.l(libinit2.o)
    0x08000286   0x08000286   0x00000000   Code   RO         4140    .ARM.Collect$$libinit$$00000025  c_w.l(libinit2.o)
    0x08000286   0x08000286   0x00000000   Code   RO         4144    .ARM.Collect$$libinit$$0000002C  c_w.l(libinit2.o)
    0x08000286   0x08000286   0x00000000   Code   RO         4146    .ARM.Collect$$libinit$$0000002E  c_w.l(libinit2.o)
    0x08000286   0x08000286   0x00000000   Code   RO         4148    .ARM.Collect$$libinit$$00000030  c_w.l(libinit2.o)
    0x08000286   0x08000286   0x00000000   Code   RO         4150    .ARM.Collect$$libinit$$00000032  c_w.l(libinit2.o)
    0x08000286   0x08000286   0x00000002   Code   RO         4151    .ARM.Collect$$libinit$$00000033  c_w.l(libinit2.o)
    0x08000288   0x08000288   0x00000002   Code   RO         4182    .ARM.Collect$$libshutdown$$00000000  c_w.l(libshutdown.o)
    0x0800028a   0x0800028a   0x00000000   Code   RO         4208    .ARM.Collect$$libshutdown$$00000002  c_w.l(libshutdown2.o)
    0x0800028a   0x0800028a   0x00000000   Code   RO         4210    .ARM.Collect$$libshutdown$$00000004  c_w.l(libshutdown2.o)
    0x0800028a   0x0800028a   0x00000000   Code   RO         4213    .ARM.Collect$$libshutdown$$00000007  c_w.l(libshutdown2.o)
    0x0800028a   0x0800028a   0x00000000   Code   RO         4216    .ARM.Collect$$libshutdown$$0000000A  c_w.l(libshutdown2.o)
    0x0800028a   0x0800028a   0x00000000   Code   RO         4218    .ARM.Collect$$libshutdown$$0000000C  c_w.l(libshutdown2.o)
    0x0800028a   0x0800028a   0x00000000   Code   RO         4221    .ARM.Collect$$libshutdown$$0000000F  c_w.l(libshutdown2.o)
    0x0800028a   0x0800028a   0x00000002   Code   RO         4222    .ARM.Collect$$libshutdown$$00000010  c_w.l(libshutdown2.o)
    0x0800028c   0x0800028c   0x00000000   Code   RO         4047    .ARM.Collect$$rtentry$$00000000  c_w.l(__rtentry.o)
    0x0800028c   0x0800028c   0x00000000   Code   RO         4064    .ARM.Collect$$rtentry$$00000002  c_w.l(__rtentry2.o)
    0x0800028c   0x0800028c   0x00000006   Code   RO         4076    .ARM.Collect$$rtentry$$00000004  c_w.l(__rtentry4.o)
    0x08000292   0x08000292   0x00000000   Code   RO         4066    .ARM.Collect$$rtentry$$00000009  c_w.l(__rtentry2.o)
    0x08000292   0x08000292   0x00000004   Code   RO         4067    .ARM.Collect$$rtentry$$0000000A  c_w.l(__rtentry2.o)
    0x08000296   0x08000296   0x00000000   Code   RO         4069    .ARM.Collect$$rtentry$$0000000C  c_w.l(__rtentry2.o)
    0x08000296   0x08000296   0x00000008   Code   RO         4070    .ARM.Collect$$rtentry$$0000000D  c_w.l(__rtentry2.o)
    0x0800029e   0x0800029e   0x00000002   Code   RO         4099    .ARM.Collect$$rtexit$$00000000  c_w.l(rtexit.o)
    0x080002a0   0x080002a0   0x00000000   Code   RO         4155    .ARM.Collect$$rtexit$$00000002  c_w.l(rtexit2.o)
    0x080002a0   0x080002a0   0x00000004   Code   RO         4156    .ARM.Collect$$rtexit$$00000003  c_w.l(rtexit2.o)
    0x080002a4   0x080002a4   0x00000006   Code   RO         4157    .ARM.Collect$$rtexit$$00000004  c_w.l(rtexit2.o)
    0x080002aa   0x080002aa   0x00000002   PAD
    0x080002ac   0x080002ac   0x00000040   Code   RO         3405    .text               startup_at32f435_437.o
    0x080002ec   0x080002ec   0x000000ee   Code   RO         4005    .text               c_w.l(lludivv7m.o)
    0x080003da   0x080003da   0x0000008a   Code   RO         4007    .text               c_w.l(rt_memcpy_v6.o)
    0x08000464   0x08000464   0x00000064   Code   RO         4009    .text               c_w.l(rt_memcpy_w.o)
    0x080004c8   0x080004c8   0x00000006   Code   RO         4011    .text               c_w.l(heapauxi.o)
    0x080004ce   0x080004ce   0x0000004a   Code   RO         4082    .text               c_w.l(sys_stackheap_outer.o)
    0x08000518   0x08000518   0x00000012   Code   RO         4084    .text               c_w.l(exit.o)
    0x0800052a   0x0800052a   0x00000002   PAD
    0x0800052c   0x0800052c   0x00000008   Code   RO         4096    .text               c_w.l(libspace.o)
    0x08000534   0x08000534   0x0000000c   Code   RO         4152    .text               c_w.l(sys_exit.o)
    0x08000540   0x08000540   0x00000002   Code   RO         4171    .text               c_w.l(use_no_semi.o)
    0x08000542   0x08000542   0x00000000   Code   RO         4173    .text               c_w.l(indicate_semi.o)
    0x08000542   0x08000542   0x00000004   Code   RO            4    i.BusFault_Handler  at32f435_437_int.o
    0x08000546   0x08000546   0x00000002   PAD
    0x08000548   0x08000548   0x0000012c   Code   RO         3893    i.Calibration       calibration.o
    0x08000674   0x08000674   0x0000001c   Code   RO            5    i.DMA1_Channel1_IRQHandler  at32f435_437_int.o
    0x08000690   0x08000690   0x00000028   Code   RO            6    i.DMA1_Channel2_IRQHandler  at32f435_437_int.o
    0x080006b8   0x080006b8   0x00000020   Code   RO            7    i.DMA1_Channel3_IRQHandler  at32f435_437_int.o
    0x080006d8   0x080006d8   0x0000002c   Code   RO            8    i.DMA1_Channel4_IRQHandler  at32f435_437_int.o
    0x08000704   0x08000704   0x00000020   Code   RO            9    i.DMA1_Channel5_IRQHandler  at32f435_437_int.o
    0x08000724   0x08000724   0x0000002c   Code   RO           10    i.DMA1_Channel6_IRQHandler  at32f435_437_int.o
    0x08000750   0x08000750   0x0000002c   Code   RO           11    i.DMA1_Channel7_IRQHandler  at32f435_437_int.o
    0x0800077c   0x0800077c   0x000000dc   Code   RO           12    i.DMA2_Channel1_IRQHandler  at32f435_437_int.o
    0x08000858   0x08000858   0x00000010   Code   RO           13    i.DMA2_Channel2_IRQHandler  at32f435_437_int.o
    0x08000868   0x08000868   0x00000038   Code   RO           14    i.DMA2_Channel3_IRQHandler  at32f435_437_int.o
    0x080008a0   0x080008a0   0x0000008c   Code   RO           15    i.DMA2_Channel4_IRQHandler  at32f435_437_int.o
    0x0800092c   0x0800092c   0x0000002c   Code   RO           16    i.DMA2_Channel5_IRQHandler  at32f435_437_int.o
    0x08000958   0x08000958   0x00000088   Code   RO           17    i.DMA2_Channel7_IRQHandler  at32f435_437_int.o
    0x080009e0   0x080009e0   0x000000bc   Code   RO         3857    i.DataFormatting    adc.o
    0x08000a9c   0x08000a9c   0x00000002   Code   RO           18    i.DebugMon_Handler  at32f435_437_int.o
    0x08000a9e   0x08000a9e   0x00000002   PAD
    0x08000aa0   0x08000aa0   0x00000054   Code   RO           19    i.EXINT15_10_IRQHandler  at32f435_437_int.o
    0x08000af4   0x08000af4   0x00000008   Code   RO         3752    i.FDILink_Error     fdilink.o
    0x08000afc   0x08000afc   0x0000000e   Code   RO         3753    i.FDILink_Reset     fdilink.o
    0x08000b0a   0x08000b0a   0x00000004   Code   RO           20    i.HardFault_Handler  at32f435_437_int.o
    0x08000b0e   0x08000b0e   0x00000002   PAD
    0x08000b10   0x08000b10   0x00000010   Code   RO           21    i.I2C2_ERR_IRQHandler  at32f435_437_int.o
    0x08000b20   0x08000b20   0x00000010   Code   RO           22    i.I2C2_EVT_IRQHandler  at32f435_437_int.o
    0x08000b30   0x08000b30   0x00000004   Code   RO           23    i.MemManage_Handler  at32f435_437_int.o
    0x08000b34   0x08000b34   0x00000002   Code   RO           24    i.NMI_Handler       at32f435_437_int.o
    0x08000b36   0x08000b36   0x00000040   Code   RO          336    i.NVIC_EncodePriority  at32f435_437_wk_config.o
    0x08000b76   0x08000b76   0x00000002   Code   RO           25    i.PendSV_Handler    at32f435_437_int.o
    0x08000b78   0x08000b78   0x00000002   Code   RO           26    i.SVC_Handler       at32f435_437_int.o
    0x08000b7a   0x08000b7a   0x00000002   Code   RO           27    i.SysTick_Handler   at32f435_437_int.o
    0x08000b7c   0x08000b7c   0x00000090   Code   RO         3412    i.SystemInit        system_at32f435_437.o
    0x08000c0c   0x08000c0c   0x0000003c   Code   RO           28    i.TMR2_GLOBAL_IRQHandler  at32f435_437_int.o
    0x08000c48   0x08000c48   0x000000cc   Code   RO           29    i.TMR3_GLOBAL_IRQHandler  at32f435_437_int.o
    0x08000d14   0x08000d14   0x000000f4   Code   RO           30    i.TMR4_GLOBAL_IRQHandler  at32f435_437_int.o
    0x08000e08   0x08000e08   0x000000a0   Code   RO           31    i.TMR5_GLOBAL_IRQHandler  at32f435_437_int.o
    0x08000ea8   0x08000ea8   0x00000002   Code   RO           32    i.TMR6_DAC_GLOBAL_IRQHandler  at32f435_437_int.o
    0x08000eaa   0x08000eaa   0x00000004   Code   RO           33    i.UsageFault_Handler  at32f435_437_int.o
    0x08000eae   0x08000eae   0x00000002   PAD
    0x08000eb0   0x08000eb0   0x00000010   Code   RO          337    i.__NVIC_GetPriorityGrouping  at32f435_437_wk_config.o
    0x08000ec0   0x08000ec0   0x00000028   Code   RO          338    i.__NVIC_SetPriority  at32f435_437_wk_config.o
    0x08000ee8   0x08000ee8   0x00000014   Code   RO         4041    i.__hardfp_fabs     m_wm.l(fabs.o)
    0x08000efc   0x08000efc   0x0000002c   Code   RO          855    i.adc_base_config   at32f435_437_adc.o
    0x08000f28   0x08000f28   0x0000000e   Code   RO          856    i.adc_base_default_para_init  at32f435_437_adc.o
    0x08000f36   0x08000f36   0x0000000c   Code   RO          857    i.adc_calibration_init  at32f435_437_adc.o
    0x08000f42   0x08000f42   0x00000012   Code   RO          858    i.adc_calibration_init_status_get  at32f435_437_adc.o
    0x08000f54   0x08000f54   0x0000000c   Code   RO          859    i.adc_calibration_start  at32f435_437_adc.o
    0x08000f60   0x08000f60   0x00000012   Code   RO          860    i.adc_calibration_status_get  at32f435_437_adc.o
    0x08000f72   0x08000f72   0x00000002   PAD
    0x08000f74   0x08000f74   0x000000a4   Code   RO          863    i.adc_common_config  at32f435_437_adc.o
    0x08001018   0x08001018   0x00000012   Code   RO          864    i.adc_common_default_para_init  at32f435_437_adc.o
    0x0800102a   0x0800102a   0x0000000a   Code   RO          867    i.adc_dma_mode_enable  at32f435_437_adc.o
    0x08001034   0x08001034   0x0000000a   Code   RO          868    i.adc_dma_request_repeat_enable  at32f435_437_adc.o
    0x0800103e   0x0800103e   0x0000000a   Code   RO          869    i.adc_enable        at32f435_437_adc.o
    0x08001048   0x08001048   0x00000010   Code   RO          871    i.adc_flag_get      at32f435_437_adc.o
    0x08001058   0x08001058   0x000000a8   Code   RO          875    i.adc_ordinary_channel_set  at32f435_437_adc.o
    0x08001100   0x08001100   0x00000034   Code   RO          877    i.adc_ordinary_conversion_trigger_set  at32f435_437_adc.o
    0x08001134   0x08001134   0x0000000e   Code   RO          878    i.adc_ordinary_oversample_enable  at32f435_437_adc.o
    0x08001142   0x08001142   0x0000000e   Code   RO          879    i.adc_ordinary_oversample_restart_set  at32f435_437_adc.o
    0x08001150   0x08001150   0x0000000e   Code   RO          880    i.adc_ordinary_oversample_trig_enable  at32f435_437_adc.o
    0x0800115e   0x0800115e   0x0000000a   Code   RO          883    i.adc_ordinary_software_trigger_enable  at32f435_437_adc.o
    0x08001168   0x08001168   0x00000016   Code   RO          885    i.adc_oversample_ratio_shift_set  at32f435_437_adc.o
    0x0800117e   0x0800117e   0x00000002   PAD
    0x08001180   0x08001180   0x00000018   Code   RO          896    i.adc_reset         at32f435_437_adc.o
    0x08001198   0x08001198   0x0000000a   Code   RO          897    i.adc_resolution_set  at32f435_437_adc.o
    0x080011a2   0x080011a2   0x00000002   PAD
    0x080011a4   0x080011a4   0x00000014   Code   RO         3927    i.alarm             alarm.o
    0x080011b8   0x080011b8   0x00000070   Code   RO         3827    i.calculate_checksum  fog.o
    0x08001228   0x08001228   0x00000014   Code   RO         1155    i.crm_ahb_div_set   at32f435_437_crm.o
    0x0800123c   0x0800123c   0x00000014   Code   RO         1156    i.crm_apb1_div_set  at32f435_437_crm.o
    0x08001250   0x08001250   0x00000014   Code   RO         1157    i.crm_apb2_div_set  at32f435_437_crm.o
    0x08001264   0x08001264   0x00000028   Code   RO         1158    i.crm_auto_step_mode_enable  at32f435_437_crm.o
    0x0800128c   0x0800128c   0x00000068   Code   RO         1165    i.crm_clock_source_enable  at32f435_437_crm.o
    0x080012f4   0x080012f4   0x00000114   Code   RO         1166    i.crm_clocks_freq_get  at32f435_437_crm.o
    0x08001408   0x08001408   0x00000030   Code   RO         1171    i.crm_flag_get      at32f435_437_crm.o
    0x08001438   0x08001438   0x0000002e   Code   RO         1173    i.crm_hext_stable_wait  at32f435_437_crm.o
    0x08001466   0x08001466   0x00000002   PAD
    0x08001468   0x08001468   0x0000004c   Code   RO         1181    i.crm_periph_clock_enable  at32f435_437_crm.o
    0x080014b4   0x080014b4   0x0000004c   Code   RO         1183    i.crm_periph_reset  at32f435_437_crm.o
    0x08001500   0x08001500   0x00000048   Code   RO         1184    i.crm_pll_config    at32f435_437_crm.o
    0x08001548   0x08001548   0x00000078   Code   RO         1186    i.crm_reset         at32f435_437_crm.o
    0x080015c0   0x080015c0   0x0000003c   Code   RO         1187    i.crm_sysclk_switch  at32f435_437_crm.o
    0x080015fc   0x080015fc   0x00000010   Code   RO         1188    i.crm_sysclk_switch_status_get  at32f435_437_crm.o
    0x0800160c   0x0800160c   0x00000030   Code   RO         1393    i.dac_dma_enable    at32f435_437_dac.o
    0x0800163c   0x0800163c   0x00000030   Code   RO         1396    i.dac_enable        at32f435_437_dac.o
    0x0800166c   0x0800166c   0x0000003c   Code   RO         1398    i.dac_output_buffer_enable  at32f435_437_dac.o
    0x080016a8   0x080016a8   0x00000034   Code   RO         1400    i.dac_software_trigger_generate  at32f435_437_dac.o
    0x080016dc   0x080016dc   0x00000030   Code   RO         1401    i.dac_trigger_enable  at32f435_437_dac.o
    0x0800170c   0x0800170c   0x00000030   Code   RO         1402    i.dac_trigger_select  at32f435_437_dac.o
    0x0800173c   0x0800173c   0x00000030   Code   RO         1407    i.dac_wave_generate  at32f435_437_dac.o
    0x0800176c   0x0800176c   0x000000fc   Code   RO         3966    i.decode_acqboard_config_t  acqboard_config.o
    0x08001868   0x08001868   0x00000018   Code   RO          572    i.decode_tmp117     wk_i2c.o
    0x08001880   0x08001880   0x0000000a   Code   RO         1558    i.dma_channel_enable  at32f435_437_dma.o
    0x0800188a   0x0800188a   0x00000004   Code   RO         1560    i.dma_data_number_set  at32f435_437_dma.o
    0x0800188e   0x0800188e   0x00000018   Code   RO         1561    i.dma_default_para_init  at32f435_437_dma.o
    0x080018a6   0x080018a6   0x00000002   PAD
    0x080018a8   0x080018a8   0x00000020   Code   RO         1562    i.dma_flag_clear    at32f435_437_dma.o
    0x080018c8   0x080018c8   0x0000002c   Code   RO         1563    i.dma_flag_get      at32f435_437_dma.o
    0x080018f4   0x080018f4   0x00000062   Code   RO         1565    i.dma_init          at32f435_437_dma.o
    0x08001956   0x08001956   0x00000012   Code   RO         1566    i.dma_interrupt_enable  at32f435_437_dma.o
    0x08001968   0x08001968   0x0000002c   Code   RO         1567    i.dma_interrupt_flag_get  at32f435_437_dma.o
    0x08001994   0x08001994   0x00000070   Code   RO         1568    i.dma_reset         at32f435_437_dma.o
    0x08001a04   0x08001a04   0x0000000e   Code   RO         1569    i.dmamux_enable     at32f435_437_dma.o
    0x08001a12   0x08001a12   0x0000000a   Code   RO         1576    i.dmamux_init       at32f435_437_dma.o
    0x08001a1c   0x08001a1c   0x00000070   Code   RO         3828    i.encode_fog_transmit_t  fog.o
    0x08001a8c   0x08001a8c   0x00000104   Code   RO         3928    i.err_check         alarm.o
    0x08001b90   0x08001b90   0x0000000e   Code   RO         1726    i.exint_default_para_init  at32f435_437_exint.o
    0x08001b9e   0x08001b9e   0x00000002   PAD
    0x08001ba0   0x08001ba0   0x0000000c   Code   RO         1728    i.exint_flag_clear  at32f435_437_exint.o
    0x08001bac   0x08001bac   0x00000098   Code   RO         1730    i.exint_init        at32f435_437_exint.o
    0x08001c44   0x08001c44   0x00000020   Code   RO         1731    i.exint_interrupt_enable  at32f435_437_exint.o
    0x08001c64   0x08001c64   0x00000024   Code   RO         1732    i.exint_interrupt_flag_get  at32f435_437_exint.o
    0x08001c88   0x08001c88   0x00000034   Code   RO         1800    i.flash_bank1_operation_status_get  at32f435_437_flash.o
    0x08001cbc   0x08001cbc   0x00000024   Code   RO         1801    i.flash_bank1_operation_wait_for  at32f435_437_flash.o
    0x08001ce0   0x08001ce0   0x00000034   Code   RO         1805    i.flash_bank2_operation_status_get  at32f435_437_flash.o
    0x08001d14   0x08001d14   0x00000024   Code   RO         1806    i.flash_bank2_operation_wait_for  at32f435_437_flash.o
    0x08001d38   0x08001d38   0x0000002c   Code   RO         1817    i.flash_flag_clear  at32f435_437_flash.o
    0x08001d64   0x08001d64   0x00000084   Code   RO         1819    i.flash_halfword_program  at32f435_437_flash.o
    0x08001de8   0x08001de8   0x00000028   Code   RO         1822    i.flash_lock        at32f435_437_flash.o
    0x08001e10   0x08001e10   0x00000034   Code   RO         1824    i.flash_operation_status_get  at32f435_437_flash.o
    0x08001e44   0x08001e44   0x00000024   Code   RO         1825    i.flash_operation_wait_for  at32f435_437_flash.o
    0x08001e68   0x08001e68   0x0000001a   Code   RO         3449    i.flash_read        flash.o
    0x08001e82   0x08001e82   0x00000002   PAD
    0x08001e84   0x08001e84   0x0000009c   Code   RO         1826    i.flash_sector_erase  at32f435_437_flash.o
    0x08001f20   0x08001f20   0x00000024   Code   RO         1836    i.flash_unlock      at32f435_437_flash.o
    0x08001f44   0x08001f44   0x00000120   Code   RO         3450    i.flash_write       flash.o
    0x08002064   0x08002064   0x00000038   Code   RO         3451    i.flash_write_nocheck  flash.o
    0x0800209c   0x0800209c   0x00000004   Code   RO         2069    i.gpio_bits_reset   at32f435_437_gpio.o
    0x080020a0   0x080020a0   0x00000004   Code   RO         2070    i.gpio_bits_set     at32f435_437_gpio.o
    0x080020a4   0x080020a4   0x00000014   Code   RO         2072    i.gpio_default_para_init  at32f435_437_gpio.o
    0x080020b8   0x080020b8   0x0000007a   Code   RO         2073    i.gpio_init         at32f435_437_gpio.o
    0x08002132   0x08002132   0x00000012   Code   RO         2076    i.gpio_output_data_bit_read  at32f435_437_gpio.o
    0x08002144   0x08002144   0x00000042   Code   RO         2078    i.gpio_pin_mux_config  at32f435_437_gpio.o
    0x08002186   0x08002186   0x00000002   PAD
    0x08002188   0x08002188   0x00000090   Code   RO         3785    i.gync_x_handler    gync.o
    0x08002218   0x08002218   0x00000090   Code   RO         3786    i.gync_y_handler    gync.o
    0x080022a8   0x080022a8   0x00000090   Code   RO         3787    i.gync_z_handler    gync.o
    0x08002338   0x08002338   0x00000012   Code   RO         2171    i.i2c_ack_enable    at32f435_437_i2c.o
    0x0800234a   0x0800234a   0x00000012   Code   RO         2175    i.i2c_clock_stretch_enable  at32f435_437_i2c.o
    0x0800235c   0x0800235c   0x0000001a   Code   RO         3488    i.i2c_config        i2c_application.o
    0x08002376   0x08002376   0x00000008   Code   RO         2177    i.i2c_data_receive  at32f435_437_i2c.o
    0x0800237e   0x0800237e   0x00000004   Code   RO         2178    i.i2c_data_send     at32f435_437_i2c.o
    0x08002382   0x08002382   0x00000062   Code   RO         3489    i.i2c_dma_config    i2c_application.o
    0x080023e4   0x080023e4   0x00000016   Code   RO         2179    i.i2c_dma_enable    at32f435_437_i2c.o
    0x080023fa   0x080023fa   0x0000000e   Code   RO         3490    i.i2c_dma_rx_irq_handler  i2c_application.o
    0x08002408   0x08002408   0x0000000e   Code   RO         3491    i.i2c_dma_tx_irq_handler  i2c_application.o
    0x08002416   0x08002416   0x00000002   PAD
    0x08002418   0x08002418   0x00000210   Code   RO         3492    i.i2c_dma_tx_rx_irq_handler  i2c_application.o
    0x08002628   0x08002628   0x0000000a   Code   RO         2180    i.i2c_enable        at32f435_437_i2c.o
    0x08002632   0x08002632   0x000000de   Code   RO         3493    i.i2c_err_irq_handler  i2c_application.o
    0x08002710   0x08002710   0x00000044   Code   RO         3494    i.i2c_evt_irq_handler  i2c_application.o
    0x08002754   0x08002754   0x00000004   Code   RO         2183    i.i2c_flag_clear    at32f435_437_i2c.o
    0x08002758   0x08002758   0x00000010   Code   RO         2184    i.i2c_flag_get      at32f435_437_i2c.o
    0x08002768   0x08002768   0x0000000a   Code   RO         2185    i.i2c_general_call_enable  at32f435_437_i2c.o
    0x08002772   0x08002772   0x00000014   Code   RO         2186    i.i2c_init          at32f435_437_i2c.o
    0x08002786   0x08002786   0x00000012   Code   RO         2187    i.i2c_interrupt_enable  at32f435_437_i2c.o
    0x08002798   0x08002798   0x00000110   Code   RO          573    i.i2c_lowlevel_init  wk_i2c.o
    0x080028a8   0x080028a8   0x000000c0   Code   RO         3496    i.i2c_master_irq_handler_dma  i2c_application.o
    0x08002968   0x08002968   0x00000104   Code   RO         3497    i.i2c_master_irq_handler_int  i2c_application.o
    0x08002a6c   0x08002a6c   0x00000064   Code   RO         3499    i.i2c_master_receive_dma  i2c_application.o
    0x08002ad0   0x08002ad0   0x0000001e   Code   RO         2191    i.i2c_own_address1_set  at32f435_437_i2c.o
    0x08002aee   0x08002aee   0x00000002   PAD
    0x08002af0   0x08002af0   0x00000020   Code   RO          574    i.i2c_receive_data  wk_i2c.o
    0x08002b10   0x08002b10   0x0000002e   Code   RO         3511    i.i2c_refresh_txdt_register  i2c_application.o
    0x08002b3e   0x08002b3e   0x00000002   PAD
    0x08002b40   0x08002b40   0x00000064   Code   RO         2198    i.i2c_reset         at32f435_437_i2c.o
    0x08002ba4   0x08002ba4   0x0000003e   Code   RO         3512    i.i2c_reset_ctrl2_register  i2c_application.o
    0x08002be2   0x08002be2   0x00000086   Code   RO         3513    i.i2c_slave_irq_handler_dma  i2c_application.o
    0x08002c68   0x08002c68   0x000000f0   Code   RO         3514    i.i2c_slave_irq_handler_int  i2c_application.o
    0x08002d58   0x08002d58   0x0000003e   Code   RO         3525    i.i2c_start_transfer  i2c_application.o
    0x08002d96   0x08002d96   0x00000058   Code   RO         3526    i.i2c_start_transfer_dma  i2c_application.o
    0x08002dee   0x08002dee   0x0000000e   Code   RO         2203    i.i2c_stop_generate  at32f435_437_i2c.o
    0x08002dfc   0x08002dfc   0x0000000a   Code   RO         2207    i.i2c_transfer_addr_get  at32f435_437_i2c.o
    0x08002e06   0x08002e06   0x00000002   PAD
    0x08002e08   0x08002e08   0x00000020   Code   RO         2211    i.i2c_transmit_set  at32f435_437_i2c.o
    0x08002e28   0x08002e28   0x00000094   Code   RO         3528    i.i2c_wait_flag     i2c_application.o
    0x08002ebc   0x08002ebc   0x00000194   Code   RO          398    i.main              main.o
    0x08003050   0x08003050   0x000000c8   Code   RO         2436    i.nvic_irq_enable   at32f435_437_misc.o
    0x08003118   0x08003118   0x00000028   Code   RO         2438    i.nvic_priority_group_config  at32f435_437_misc.o
    0x08003140   0x08003140   0x00000360   Code   RO         3967    i.pid_calculate     acqboard_config.o
    0x080034a0   0x080034a0   0x000000b4   Code   RO         2584    i.scfg_exint_line_config  at32f435_437_scfg.o
    0x08003554   0x08003554   0x000002a0   Code   RO         3858    i.set_ADCData       adc.o
    0x080037f4   0x080037f4   0x00000016   Code   RO         2651    i.spi_default_para_init  at32f435_437_spi.o
    0x0800380a   0x0800380a   0x0000000a   Code   RO         2652    i.spi_enable        at32f435_437_spi.o
    0x08003814   0x08003814   0x0000000a   Code   RO         2658    i.spi_i2s_dma_receiver_enable  at32f435_437_spi.o
    0x0800381e   0x0800381e   0x00000158   Code   RO         2665    i.spi_init          at32f435_437_spi.o
    0x08003976   0x08003976   0x00000002   PAD
    0x08003978   0x08003978   0x000000f4   Code   RO         3413    i.system_core_clock_update  system_at32f435_437.o
    0x08003a6c   0x08003a6c   0x00000028   Code   RO         2441    i.systick_clock_source_config  at32f435_437_misc.o
    0x08003a94   0x08003a94   0x00000010   Code   RO         2812    i.tmr_base_init     at32f435_437_tmr.o
    0x08003aa4   0x08003aa4   0x00000048   Code   RO         2813    i.tmr_brkdt_config  at32f435_437_tmr.o
    0x08003aec   0x08003aec   0x0000002e   Code   RO         2820    i.tmr_channel_value_set  at32f435_437_tmr.o
    0x08003b1a   0x08003b1a   0x0000000a   Code   RO         2821    i.tmr_clock_source_div_set  at32f435_437_tmr.o
    0x08003b24   0x08003b24   0x0000000a   Code   RO         2822    i.tmr_cnt_dir_set   at32f435_437_tmr.o
    0x08003b2e   0x08003b2e   0x0000000a   Code   RO         2823    i.tmr_counter_enable  at32f435_437_tmr.o
    0x08003b38   0x08003b38   0x00000006   Code   RO         2835    i.tmr_flag_clear    at32f435_437_tmr.o
    0x08003b3e   0x08003b3e   0x00000016   Code   RO         2844    i.tmr_interrupt_enable  at32f435_437_tmr.o
    0x08003b54   0x08003b54   0x00000018   Code   RO         2845    i.tmr_interrupt_flag_get  at32f435_437_tmr.o
    0x08003b6c   0x08003b6c   0x0000004c   Code   RO         2848    i.tmr_output_channel_buffer_enable  at32f435_437_tmr.o
    0x08003bb8   0x08003bb8   0x000001b2   Code   RO         2849    i.tmr_output_channel_config  at32f435_437_tmr.o
    0x08003d6a   0x08003d6a   0x0000004c   Code   RO         2850    i.tmr_output_channel_immediately_set  at32f435_437_tmr.o
    0x08003db6   0x08003db6   0x0000000a   Code   RO         2855    i.tmr_output_enable  at32f435_437_tmr.o
    0x08003dc0   0x08003dc0   0x0000000a   Code   RO         2856    i.tmr_overflow_event_disable  at32f435_437_tmr.o
    0x08003dca   0x08003dca   0x0000000a   Code   RO         2857    i.tmr_overflow_request_source_set  at32f435_437_tmr.o
    0x08003dd4   0x08003dd4   0x0000000a   Code   RO         2858    i.tmr_period_buffer_enable  at32f435_437_tmr.o
    0x08003dde   0x08003dde   0x0000000a   Code   RO         2861    i.tmr_primary_mode_select  at32f435_437_tmr.o
    0x08003de8   0x08003de8   0x0000000a   Code   RO         2863    i.tmr_repetition_counter_set  at32f435_437_tmr.o
    0x08003df2   0x08003df2   0x0000000a   Code   RO         2866    i.tmr_sub_sync_mode_set  at32f435_437_tmr.o
    0x08003dfc   0x08003dfc   0x0000000a   Code   RO         3184    i.usart_dma_receiver_enable  at32f435_437_usart.o
    0x08003e06   0x08003e06   0x0000000a   Code   RO         3185    i.usart_dma_transmitter_enable  at32f435_437_usart.o
    0x08003e10   0x08003e10   0x0000000a   Code   RO         3186    i.usart_enable      at32f435_437_usart.o
    0x08003e1a   0x08003e1a   0x00000066   Code   RO         3189    i.usart_hardware_flow_control_set  at32f435_437_usart.o
    0x08003e80   0x08003e80   0x000000ac   Code   RO         3191    i.usart_init        at32f435_437_usart.o
    0x08003f2c   0x08003f2c   0x0000004c   Code   RO         3198    i.usart_parity_selection_config  at32f435_437_usart.o
    0x08003f78   0x08003f78   0x0000000a   Code   RO         3199    i.usart_receiver_enable  at32f435_437_usart.o
    0x08003f82   0x08003f82   0x0000000a   Code   RO         3209    i.usart_transmitter_enable  at32f435_437_usart.o
    0x08003f8c   0x08003f8c   0x000000d0   Code   RO          488    i.wk_adc1_init      wk_adc.o
    0x0800405c   0x0800405c   0x00000036   Code   RO          489    i.wk_adc_common_init  wk_adc.o
    0x08004092   0x08004092   0x00000002   PAD
    0x08004094   0x08004094   0x00000058   Code   RO          524    i.wk_dac_init       wk_dac.o
    0x080040ec   0x080040ec   0x00000064   Code   RO          741    i.wk_dma1_channel1_init  wk_dma.o
    0x08004150   0x08004150   0x00000068   Code   RO          742    i.wk_dma1_channel2_init  wk_dma.o
    0x080041b8   0x080041b8   0x00000064   Code   RO          743    i.wk_dma1_channel3_init  wk_dma.o
    0x0800421c   0x0800421c   0x00000068   Code   RO          744    i.wk_dma1_channel4_init  wk_dma.o
    0x08004284   0x08004284   0x00000064   Code   RO          745    i.wk_dma1_channel5_init  wk_dma.o
    0x080042e8   0x080042e8   0x00000068   Code   RO          746    i.wk_dma1_channel6_init  wk_dma.o
    0x08004350   0x08004350   0x00000068   Code   RO          747    i.wk_dma1_channel7_init  wk_dma.o
    0x080043b8   0x080043b8   0x00000064   Code   RO          748    i.wk_dma2_channel1_init  wk_dma.o
    0x0800441c   0x0800441c   0x00000064   Code   RO          749    i.wk_dma2_channel4_init  wk_dma.o
    0x08004480   0x08004480   0x00000064   Code   RO          750    i.wk_dma2_channel5_init  wk_dma.o
    0x080044e4   0x080044e4   0x00000064   Code   RO          751    i.wk_dma2_channel7_init  wk_dma.o
    0x08004548   0x08004548   0x00000008   Code   RO          752    i.wk_dma_channel_config  wk_dma.o
    0x08004550   0x08004550   0x00000060   Code   RO          548    i.wk_exint_config   wk_exint.o
    0x080045b0   0x080045b0   0x000000a4   Code   RO          831    i.wk_gpio_config    wk_gpio.o
    0x08004654   0x08004654   0x00000018   Code   RO          575    i.wk_i2c2_init      wk_i2c.o
    0x0800466c   0x0800466c   0x00000192   Code   RO          339    i.wk_nvic_config    at32f435_437_wk_config.o
    0x080047fe   0x080047fe   0x00000002   PAD
    0x08004800   0x08004800   0x000000dc   Code   RO          340    i.wk_periph_clock_config  at32f435_437_wk_config.o
    0x080048dc   0x080048dc   0x000000ac   Code   RO          621    i.wk_spi2_init      wk_spi.o
    0x08004988   0x08004988   0x000000c8   Code   RO          341    i.wk_system_clock_config  at32f435_437_wk_config.o
    0x08004a50   0x08004a50   0x00000040   Code   RO          451    i.wk_timebase_init  wk_system.o
    0x08004a90   0x08004a90   0x00000108   Code   RO          645    i.wk_tmr1_init      wk_tmr.o
    0x08004b98   0x08004b98   0x0000005e   Code   RO          646    i.wk_tmr2_init      wk_tmr.o
    0x08004bf6   0x08004bf6   0x00000002   PAD
    0x08004bf8   0x08004bf8   0x00000054   Code   RO          647    i.wk_tmr3_init      wk_tmr.o
    0x08004c4c   0x08004c4c   0x000000b4   Code   RO          699    i.wk_uart4_init     wk_usart.o
    0x08004d00   0x08004d00   0x000000b4   Code   RO          700    i.wk_usart1_init    wk_usart.o
    0x08004db4   0x08004db4   0x000000b4   Code   RO          701    i.wk_usart2_init    wk_usart.o
    0x08004e68   0x08004e68   0x000000b4   Code   RO          702    i.wk_usart3_init    wk_usart.o
    0x08004f1c   0x08004f1c   0x00000018   Code   RO         4015    x$fpl$basic         fz_wm.l(basic.o)
    0x08004f34   0x08004f34   0x00000062   Code   RO         4017    x$fpl$d2f           fz_wm.l(d2f.o)
    0x08004f96   0x08004f96   0x00000002   PAD
    0x08004f98   0x08004f98   0x00000150   Code   RO         4019    x$fpl$dadd          fz_wm.l(daddsub_clz.o)
    0x080050e8   0x080050e8   0x00000018   Code   RO         4080    x$fpl$dcmpinf       fz_wm.l(dcmpi.o)
    0x08005100   0x08005100   0x000002b0   Code   RO         4026    x$fpl$ddiv          fz_wm.l(ddiv.o)
    0x080053b0   0x080053b0   0x00000026   Code   RO         4029    x$fpl$dfltu         fz_wm.l(dflt_clz.o)
    0x080053d6   0x080053d6   0x00000002   PAD
    0x080053d8   0x080053d8   0x00000078   Code   RO         4052    x$fpl$dleqf         fz_wm.l(dleqf.o)
    0x08005450   0x08005450   0x00000154   Code   RO         4035    x$fpl$dmul          fz_wm.l(dmul.o)
    0x080055a4   0x080055a4   0x0000009c   Code   RO         4054    x$fpl$dnaninf       fz_wm.l(dnaninf.o)
    0x08005640   0x08005640   0x0000000c   Code   RO         4056    x$fpl$dretinf       fz_wm.l(dretinf.o)
    0x0800564c   0x0800564c   0x0000006c   Code   RO         4037    x$fpl$drleqf        fz_wm.l(drleqf.o)
    0x080056b8   0x080056b8   0x000001d4   Code   RO         4021    x$fpl$dsub          fz_wm.l(daddsub_clz.o)
    0x0800588c   0x0800588c   0x00000056   Code   RO         4039    x$fpl$f2d           fz_wm.l(f2d.o)
    0x080058e2   0x080058e2   0x0000008c   Code   RO         4058    x$fpl$fnaninf       fz_wm.l(fnaninf.o)
    0x0800596e   0x0800596e   0x0000000a   Code   RO         4167    x$fpl$fpinit        fz_wm.l(fpinit.o)
    0x08005978   0x08005978   0x0000000a   Code   RO         4060    x$fpl$fretinf       fz_wm.l(fretinf.o)
    0x08005982   0x08005982   0x00000000   Code   RO         4062    x$fpl$usenofp       fz_wm.l(usenofp.o)
    0x08005982   0x08005982   0x00000026   Data   RO         1191    .constdata          at32f435_437_crm.o
    0x080059a8   0x080059a8   0x00000016   Data   RO         3414    .constdata          system_at32f435_437.o
    0x080059be   0x080059be   0x00000002   PAD
    0x080059c0   0x080059c0   0x00000020   Data   RO         4223    Region$$Table       anon$$obj.o


    Execution Region RW_IRAM1 (Exec base: 0x20000000, Load base: 0x080059e0, Size: 0x00001078, Max: 0x00060000, ABSOLUTE)

    Exec Addr    Load Addr    Size         Type   Attr      Idx    E Section Name        Object

    0x20000000   0x080059e0   0x00000008   Data   RW           34    .data               at32f435_437_int.o
    0x20000008   0x080059e8   0x0000000a   Data   RW          343    .data               at32f435_437_wk_config.o
    0x20000012   0x080059f2   0x00000002   PAD
    0x20000014   0x080059f4   0x00000004   Data   RW          452    .data               wk_system.o
    0x20000018   0x080059f8   0x0000000c   Data   RW          490    .data               wk_adc.o
    0x20000024   0x08005a04   0x00000008   Data   RW          577    .data               wk_i2c.o
    0x2000002c   0x08005a0c   0x00000004   Data   RW         3415    .data               system_at32f435_437.o
    0x20000030   0x08005a10   0x00000018   Data   RW         3895    .data               calibration.o
    0x20000048   0x08005a28   0x00000020   Data   RW         3930    .data               alarm.o
    0x20000068   0x08005a48   0x00000034   Data   RW         3969    .data               acqboard_config.o
    0x2000009c        -       0x0000005c   Zero   RW          342    .bss                at32f435_437_wk_config.o
    0x200000f8        -       0x00000034   Zero   RW          576    .bss                wk_i2c.o
    0x2000012c        -       0x00000800   Zero   RW         3452    .bss                flash.o
    0x2000092c        -       0x00000030   Zero   RW         3788    .bss                gync.o
    0x2000095c        -       0x00000018   Zero   RW         3859    .bss                adc.o
    0x20000974        -       0x0000004c   Zero   RW         3894    .bss                calibration.o
    0x200009c0        -       0x00000057   Zero   RW         3968    .bss                acqboard_config.o
    0x20000a17   0x08005a7c   0x00000001   PAD
    0x20000a18        -       0x00000060   Zero   RW         4097    .bss                c_w.l(libspace.o)
    0x20000a78        -       0x00000200   Zero   RW         3403    HEAP                startup_at32f435_437.o
    0x20000c78        -       0x00000400   Zero   RW         3402    STACK               startup_at32f435_437.o


==============================================================================

Image component sizes


      Code (inc. data)   RO Data    RW Data    ZI Data      Debug   Object Name

      1116         84          0         52         87       3486   acqboard_config.o
       860         40          0          0         24       2621   adc.o
       280         34          0         32          0       2054   alarm.o
       674         14          0          0          0      14197   at32f435_437_adc.o
       994        116         38          0          0       9691   at32f435_437_crm.o
       352         30          0          0          0       4535   at32f435_437_dac.o
       410         40          0          0          0       7528   at32f435_437_dma.o
       246         18          0          0          0       3630   at32f435_437_exint.o
       672         54          0          0          0       7417   at32f435_437_flash.o
       234          0          0          0          0       4489   at32f435_437_gpio.o
       334         20          0          0          0      10707   at32f435_437_i2c.o
      1688        310          0          8          0     124827   at32f435_437_int.o
       280         18          0          0          0      32780   at32f435_437_misc.o
       180          4          0          0          0        733   at32f435_437_scfg.o
       386          0          0          0          0       3030   at32f435_437_spi.o
       872         32          0          0          0      13323   at32f435_437_tmr.o
       400         10          0          0          0       5896   at32f435_437_usart.o
       942         44          0         10         92      34695   at32f435_437_wk_config.o
       300         42          0         24         76       2340   calibration.o
        22          0          0          0          0       2080   fdilink.o
       370          4          0          0       2048       3385   flash.o
       224          8          0          0          0       1873   fog.o
       432         30          0          0         48       2854   gync.o
      2302         32          0          0          0      17056   i2c_application.o
       404         76          0          0          0        687   main.o
        64         26        524          0       1536        848   startup_at32f435_437.o
       388         46         22          4          0       2376   system_at32f435_437.o
       262          8          0         12          0       1614   wk_adc.o
        88          6          0          0          0        566   wk_dac.o
      1124         62          0          0          0       7892   wk_dma.o
        96          4          0          0          0        646   wk_exint.o
       164         14          0          0          0        617   wk_gpio.o
       352         40          0          8         52       3018   wk_i2c.o
       172          8          0          0          0        655   wk_spi.o
        64          8          0          4          0       1228   wk_system.o
       442         14          0          0          0       1837   wk_tmr.o
       720         34          0          0          0       2503   wk_usart.o

    ----------------------------------------------------------------------
     18950       1330        618        156       3964     339714   Object Totals
         0          0         32          0          0          0   (incl. Generated)
        40          0          2          2          1          0   (incl. Padding)

    ----------------------------------------------------------------------

      Code (inc. data)   RO Data    RW Data    ZI Data      Debug   Library Member Name

         8          0          0          0          0         68   __main.o
         0          0          0          0          0          0   __rtentry.o
        12          0          0          0          0          0   __rtentry2.o
         6          0          0          0          0          0   __rtentry4.o
        52          8          0          0          0          0   __scatter.o
        26          0          0          0          0          0   __scatter_copy.o
        28          0          0          0          0          0   __scatter_zi.o
        18          0          0          0          0         80   exit.o
         6          0          0          0          0        152   heapauxi.o
         0          0          0          0          0          0   indicate_semi.o
         2          0          0          0          0          0   libinit.o
         6          0          0          0          0          0   libinit2.o
         2          0          0          0          0          0   libshutdown.o
         2          0          0          0          0          0   libshutdown2.o
         8          4          0          0         96         68   libspace.o
       238          0          0          0          0        100   lludivv7m.o
       138          0          0          0          0         68   rt_memcpy_v6.o
       100          0          0          0          0         80   rt_memcpy_w.o
         2          0          0          0          0          0   rtexit.o
        10          0          0          0          0          0   rtexit2.o
        12          4          0          0          0         68   sys_exit.o
        74          0          0          0          0         80   sys_stackheap_outer.o
         2          0          0          0          0         68   use_no_semi.o
        24          0          0          0          0        164   basic.o
        98          4          0          0          0        140   d2f.o
       804         16          0          0          0        368   daddsub_clz.o
        24          0          0          0          0        116   dcmpi.o
       688        140          0          0          0        256   ddiv.o
        38          0          0          0          0        116   dflt_clz.o
       120          4          0          0          0        140   dleqf.o
       340         12          0          0          0        152   dmul.o
       156          4          0          0          0        140   dnaninf.o
        12          0          0          0          0        116   dretinf.o
       108          0          0          0          0        128   drleqf.o
        86          4          0          0          0        132   f2d.o
       140          4          0          0          0        132   fnaninf.o
        10          0          0          0          0        116   fpinit.o
        10          0          0          0          0        116   fretinf.o
         0          0          0          0          0          0   usenofp.o
        20          0          0          0          0        124   fabs.o

    ----------------------------------------------------------------------
      3440        204          0          0         96       3288   Library Totals
        10          0          0          0          0          0   (incl. Padding)

    ----------------------------------------------------------------------

      Code (inc. data)   RO Data    RW Data    ZI Data      Debug   Library Name

       752         16          0          0         96        832   c_w.l
      2658        188          0          0          0       2332   fz_wm.l
        20          0          0          0          0        124   m_wm.l

    ----------------------------------------------------------------------
      3440        204          0          0         96       3288   Library Totals

    ----------------------------------------------------------------------

==============================================================================


      Code (inc. data)   RO Data    RW Data    ZI Data      Debug   

     22390       1534        618        156       4060     318990   Grand Totals
     22390       1534        618        156       4060     318990   ELF Image Totals
     22390       1534        618        156          0          0   ROM Totals

==============================================================================

    Total RO  Size (Code + RO Data)                23008 (  22.47kB)
    Total RW  Size (RW Data + ZI Data)              4216 (   4.12kB)
    Total ROM Size (Code + RO Data + RW Data)      23164 (  22.62kB)

==============================================================================

